Archive member included to satisfy reference by file (symbol)

../Drivers\libDriverPower.a(DriverPower.o)
                              main.o (DriverPowerInit)
c:/program files (x86)/atmel/studio/7.0/toolchain/avr8/avr8-gnu-toolchain/bin/../lib/gcc/avr/5.4.0/../../../../avr/lib/avrxmega6\libprintf_flt.a(vfprintf_flt.o)
                              (vfprintf)
c:/program files (x86)/atmel/studio/7.0/toolchain/avr8/avr8-gnu-toolchain/bin/../lib/gcc/avr/5.4.0/avrxmega6\libgcc.a(_udivmodsi4.o)
                              tasks.o (__udivmodsi4)
c:/program files (x86)/atmel/studio/7.0/toolchain/avr8/avr8-gnu-toolchain/bin/../lib/gcc/avr/5.4.0/avrxmega6\libgcc.a(_exit.o)
                              C:/Program Files (x86)/Atmel/Studio/7.0/Packs/atmel/XMEGAC_DFP/1.1.50/gcc/dev/atxmega384c3/avrxmega6/crtatxmega384c3.o (exit)
c:/program files (x86)/atmel/studio/7.0/toolchain/avr8/avr8-gnu-toolchain/bin/../lib/gcc/avr/5.4.0/avrxmega6\libgcc.a(_copy_data.o)
                              Drivers/DriverAdps9960.o (__do_copy_data)
c:/program files (x86)/atmel/studio/7.0/toolchain/avr8/avr8-gnu-toolchain/bin/../lib/gcc/avr/5.4.0/avrxmega6\libgcc.a(_clear_bss.o)
                              Drivers/DriverOled.o (__do_clear_bss)
c:/program files (x86)/atmel/studio/7.0/toolchain/avr8/avr8-gnu-toolchain/bin/../lib/gcc/avr/5.4.0/../../../../avr/lib/avrxmega6\libc.a(ftoa_engine.o)
                              c:/program files (x86)/atmel/studio/7.0/toolchain/avr8/avr8-gnu-toolchain/bin/../lib/gcc/avr/5.4.0/../../../../avr/lib/avrxmega6\libprintf_flt.a(vfprintf_flt.o) (__ftoa_engine)
c:/program files (x86)/atmel/studio/7.0/toolchain/avr8/avr8-gnu-toolchain/bin/../lib/gcc/avr/5.4.0/../../../../avr/lib/avrxmega6\libc.a(strnlen_P.o)
                              c:/program files (x86)/atmel/studio/7.0/toolchain/avr8/avr8-gnu-toolchain/bin/../lib/gcc/avr/5.4.0/../../../../avr/lib/avrxmega6\libprintf_flt.a(vfprintf_flt.o) (strnlen_P)
c:/program files (x86)/atmel/studio/7.0/toolchain/avr8/avr8-gnu-toolchain/bin/../lib/gcc/avr/5.4.0/../../../../avr/lib/avrxmega6\libc.a(memcpy.o)
                              queue.o (memcpy)
c:/program files (x86)/atmel/studio/7.0/toolchain/avr8/avr8-gnu-toolchain/bin/../lib/gcc/avr/5.4.0/../../../../avr/lib/avrxmega6\libc.a(memset.o)
                              tasks.o (memset)
c:/program files (x86)/atmel/studio/7.0/toolchain/avr8/avr8-gnu-toolchain/bin/../lib/gcc/avr/5.4.0/../../../../avr/lib/avrxmega6\libc.a(strcmp.o)
                              Tasks/TerminalTask.o (strcmp)
c:/program files (x86)/atmel/studio/7.0/toolchain/avr8/avr8-gnu-toolchain/bin/../lib/gcc/avr/5.4.0/../../../../avr/lib/avrxmega6\libc.a(strcpy.o)
                              tasks.o (strcpy)
c:/program files (x86)/atmel/studio/7.0/toolchain/avr8/avr8-gnu-toolchain/bin/../lib/gcc/avr/5.4.0/../../../../avr/lib/avrxmega6\libc.a(strnlen.o)
                              c:/program files (x86)/atmel/studio/7.0/toolchain/avr8/avr8-gnu-toolchain/bin/../lib/gcc/avr/5.4.0/../../../../avr/lib/avrxmega6\libprintf_flt.a(vfprintf_flt.o) (strnlen)
c:/program files (x86)/atmel/studio/7.0/toolchain/avr8/avr8-gnu-toolchain/bin/../lib/gcc/avr/5.4.0/../../../../avr/lib/avrxmega6\libc.a(fputc.o)
                              c:/program files (x86)/atmel/studio/7.0/toolchain/avr8/avr8-gnu-toolchain/bin/../lib/gcc/avr/5.4.0/../../../../avr/lib/avrxmega6\libprintf_flt.a(vfprintf_flt.o) (fputc)
c:/program files (x86)/atmel/studio/7.0/toolchain/avr8/avr8-gnu-toolchain/bin/../lib/gcc/avr/5.4.0/../../../../avr/lib/avrxmega6\libc.a(iob.o)
                              Drivers/DriverUSART.o (__iob)
c:/program files (x86)/atmel/studio/7.0/toolchain/avr8/avr8-gnu-toolchain/bin/../lib/gcc/avr/5.4.0/../../../../avr/lib/avrxmega6\libc.a(printf.o)
                              Drivers/DriverAdps9960.o (printf)
c:/program files (x86)/atmel/studio/7.0/toolchain/avr8/avr8-gnu-toolchain/bin/../lib/gcc/avr/5.4.0/../../../../avr/lib/avrxmega6\libc.a(puts.o)
                              DriverMPU6050.o (puts)
c:/program files (x86)/atmel/studio/7.0/toolchain/avr8/avr8-gnu-toolchain/bin/../lib/gcc/avr/5.4.0/../../../../avr/lib/avrxmega6\libc.a(scanf.o)
                              Tasks/TerminalTask.o (scanf)
c:/program files (x86)/atmel/studio/7.0/toolchain/avr8/avr8-gnu-toolchain/bin/../lib/gcc/avr/5.4.0/../../../../avr/lib/avrxmega6\libc.a(snprintf.o)
                              hooks.o (snprintf)
c:/program files (x86)/atmel/studio/7.0/toolchain/avr8/avr8-gnu-toolchain/bin/../lib/gcc/avr/5.4.0/../../../../avr/lib/avrxmega6\libc.a(sprintf.o)
                              tasks.o (sprintf)
c:/program files (x86)/atmel/studio/7.0/toolchain/avr8/avr8-gnu-toolchain/bin/../lib/gcc/avr/5.4.0/../../../../avr/lib/avrxmega6\libc.a(ultoa_invert.o)
                              c:/program files (x86)/atmel/studio/7.0/toolchain/avr8/avr8-gnu-toolchain/bin/../lib/gcc/avr/5.4.0/../../../../avr/lib/avrxmega6\libprintf_flt.a(vfprintf_flt.o) (__ultoa_invert)
c:/program files (x86)/atmel/studio/7.0/toolchain/avr8/avr8-gnu-toolchain/bin/../lib/gcc/avr/5.4.0/../../../../avr/lib/avrxmega6\libc.a(vfscanf_std.o)
                              c:/program files (x86)/atmel/studio/7.0/toolchain/avr8/avr8-gnu-toolchain/bin/../lib/gcc/avr/5.4.0/../../../../avr/lib/avrxmega6\libc.a(scanf.o) (vfscanf)
c:/program files (x86)/atmel/studio/7.0/toolchain/avr8/avr8-gnu-toolchain/bin/../lib/gcc/avr/5.4.0/../../../../avr/lib/avrxmega6\libc.a(isspace.o)
                              c:/program files (x86)/atmel/studio/7.0/toolchain/avr8/avr8-gnu-toolchain/bin/../lib/gcc/avr/5.4.0/../../../../avr/lib/avrxmega6\libc.a(vfscanf_std.o) (isspace)
c:/program files (x86)/atmel/studio/7.0/toolchain/avr8/avr8-gnu-toolchain/bin/../lib/gcc/avr/5.4.0/../../../../avr/lib/avrxmega6\libc.a(strchr_P.o)
                              c:/program files (x86)/atmel/studio/7.0/toolchain/avr8/avr8-gnu-toolchain/bin/../lib/gcc/avr/5.4.0/../../../../avr/lib/avrxmega6\libc.a(vfscanf_std.o) (strchr_P)
c:/program files (x86)/atmel/studio/7.0/toolchain/avr8/avr8-gnu-toolchain/bin/../lib/gcc/avr/5.4.0/../../../../avr/lib/avrxmega6\libc.a(fgetc.o)
                              c:/program files (x86)/atmel/studio/7.0/toolchain/avr8/avr8-gnu-toolchain/bin/../lib/gcc/avr/5.4.0/../../../../avr/lib/avrxmega6\libc.a(vfscanf_std.o) (fgetc)
c:/program files (x86)/atmel/studio/7.0/toolchain/avr8/avr8-gnu-toolchain/bin/../lib/gcc/avr/5.4.0/../../../../avr/lib/avrxmega6\libc.a(ungetc.o)
                              c:/program files (x86)/atmel/studio/7.0/toolchain/avr8/avr8-gnu-toolchain/bin/../lib/gcc/avr/5.4.0/../../../../avr/lib/avrxmega6\libc.a(vfscanf_std.o) (ungetc)
c:/program files (x86)/atmel/studio/7.0/toolchain/avr8/avr8-gnu-toolchain/bin/../lib/gcc/avr/5.4.0/../../../../avr/lib/avrxmega6\libc.a(cty_isfalse.o)
                              c:/program files (x86)/atmel/studio/7.0/toolchain/avr8/avr8-gnu-toolchain/bin/../lib/gcc/avr/5.4.0/../../../../avr/lib/avrxmega6\libc.a(isspace.o) (__ctype_isfalse)

Allocating common symbols
Common symbol       size              file

t_nu                0x4               Tasks/LooplichtTask.o
jiter               0x4               Tasks/LooplichtTask.o
t_vorige            0x4               Tasks/LooplichtTask.o
FifoReceive         0x2               Drivers/DriverUSART.o
teller              0x4               Tasks/LooplichtTask.o
pxPreviousWakeTime  0x2               Tasks/LooplichtTask.o
FifoTransmit        0x2               Drivers/DriverUSART.o
__iob               0x6               c:/program files (x86)/atmel/studio/7.0/toolchain/avr8/avr8-gnu-toolchain/bin/../lib/gcc/avr/5.4.0/../../../../avr/lib/avrxmega6\libc.a(iob.o)
StatsTimer          0x4               port.o

Discarded input sections

 .data          0x00000000        0x0 C:/Program Files (x86)/Atmel/Studio/7.0/Packs/atmel/XMEGAC_DFP/1.1.50/gcc/dev/atxmega384c3/avrxmega6/crtatxmega384c3.o
 .bss           0x00000000        0x0 C:/Program Files (x86)/Atmel/Studio/7.0/Packs/atmel/XMEGAC_DFP/1.1.50/gcc/dev/atxmega384c3/avrxmega6/crtatxmega384c3.o
 .data          0x00000000        0x0 Drivers/Drivepl9823Bitbang.o
 .text          0x00000000        0x0 Drivers/DriverAdc.o
 .data          0x00000000        0x0 Drivers/DriverAdc.o
 .bss           0x00000000        0x0 Drivers/DriverAdc.o
 .text.DriverAdcGetCh
                0x00000000        0x2 Drivers/DriverAdc.o
 .text          0x00000000        0x0 Drivers/DriverAdps9960.o
 .data          0x00000000        0x0 Drivers/DriverAdps9960.o
 .bss           0x00000000        0x0 Drivers/DriverAdps9960.o
 .rodata.str1.1
                0x00000000       0x25 Drivers/DriverAdps9960.o
 .text.DriverAdps9960Init
                0x00000000       0x90 Drivers/DriverAdps9960.o
 .text.DriverAdps9960Get
                0x00000000       0xd2 Drivers/DriverAdps9960.o
 .debug_info    0x00000000      0x2f3 Drivers/DriverAdps9960.o
 .debug_abbrev  0x00000000      0x10a Drivers/DriverAdps9960.o
 .debug_loc     0x00000000      0x1f6 Drivers/DriverAdps9960.o
 .debug_aranges
                0x00000000       0x28 Drivers/DriverAdps9960.o
 .debug_ranges  0x00000000       0x18 Drivers/DriverAdps9960.o
 .debug_line    0x00000000      0x1c1 Drivers/DriverAdps9960.o
 .debug_str     0x00000000      0x24f Drivers/DriverAdps9960.o
 .comment       0x00000000       0x31 Drivers/DriverAdps9960.o
 .debug_frame   0x00000000       0x90 Drivers/DriverAdps9960.o
 .text          0x00000000        0x0 Drivers/DriverCursorstick.o
 .data          0x00000000        0x0 Drivers/DriverCursorstick.o
 .bss           0x00000000        0x0 Drivers/DriverCursorstick.o
 .text.DriverCursorstickGet
                0x00000000        0x2 Drivers/DriverCursorstick.o
 .text          0x00000000        0x0 Drivers/DriverDbgUSART.o
 .data          0x00000000        0x0 Drivers/DriverDbgUSART.o
 .bss           0x00000000        0x0 Drivers/DriverDbgUSART.o
 .text          0x00000000        0x0 Drivers/DriverLed.o
 .data          0x00000000        0x0 Drivers/DriverLed.o
 .bss           0x00000000        0x0 Drivers/DriverLed.o
 .text.DriverLedSet
                0x00000000        0x2 Drivers/DriverLed.o
 .text.DriverLedClear
                0x00000000        0x2 Drivers/DriverLed.o
 .text.DriverLedToggle
                0x00000000        0x2 Drivers/DriverLed.o
 .text          0x00000000        0x0 Drivers/DriverMotor.o
 .data          0x00000000        0x0 Drivers/DriverMotor.o
 .bss           0x00000000        0x0 Drivers/DriverMotor.o
 .text.DriverMotorInit
                0x00000000        0x2 Drivers/DriverMotor.o
 .text.DriverMotorSet
                0x00000000        0x2 Drivers/DriverMotor.o
 .text.DriverMotorGetEncoder
                0x00000000        0x2 Drivers/DriverMotor.o
 .debug_info    0x00000000      0x11a Drivers/DriverMotor.o
 .debug_abbrev  0x00000000       0xb0 Drivers/DriverMotor.o
 .debug_aranges
                0x00000000       0x30 Drivers/DriverMotor.o
 .debug_ranges  0x00000000       0x20 Drivers/DriverMotor.o
 .debug_line    0x00000000       0xdd Drivers/DriverMotor.o
 .debug_str     0x00000000      0x242 Drivers/DriverMotor.o
 .comment       0x00000000       0x31 Drivers/DriverMotor.o
 .debug_frame   0x00000000       0x44 Drivers/DriverMotor.o
 .text          0x00000000        0x0 DriverMPU6050.o
 .data          0x00000000        0x0 DriverMPU6050.o
 .bss           0x00000000        0x0 DriverMPU6050.o
 .rodata.str1.1
                0x00000000       0x4c DriverMPU6050.o
 .text.DriverMPU6050Init
                0x00000000      0x100 DriverMPU6050.o
 .text.DriverMPU6050GyroGet
                0x00000000       0x9a DriverMPU6050.o
 .debug_info    0x00000000      0x313 DriverMPU6050.o
 .debug_abbrev  0x00000000      0x11f DriverMPU6050.o
 .debug_loc     0x00000000      0x1c4 DriverMPU6050.o
 .debug_aranges
                0x00000000       0x28 DriverMPU6050.o
 .debug_ranges  0x00000000       0x18 DriverMPU6050.o
 .debug_line    0x00000000      0x1fd DriverMPU6050.o
 .debug_str     0x00000000      0x254 DriverMPU6050.o
 .comment       0x00000000       0x31 DriverMPU6050.o
 .debug_frame   0x00000000       0x84 DriverMPU6050.o
 .text          0x00000000        0x0 Drivers/DriverOled.o
 .data          0x00000000        0x0 Drivers/DriverOled.o
 .bss           0x00000000        0x0 Drivers/DriverOled.o
 .text.set_page_address.part.0
                0x00000000       0x56 Drivers/DriverOled.o
 .text.set_column_address.part.1
                0x00000000       0x56 Drivers/DriverOled.o
 .text.DriverOLEDDrawPixel.part.3
                0x00000000       0xca Drivers/DriverOled.o
 .text.DriverOLEDClearPixel.part.4
                0x00000000       0xce Drivers/DriverOled.o
 .text.DriverOLEDPrintSmChar.part.5
                0x00000000      0x226 Drivers/DriverOled.o
 .text.send_data
                0x00000000       0x2a Drivers/DriverOled.o
 .text.send_command
                0x00000000       0x2a Drivers/DriverOled.o
 .text.send_command_data
                0x00000000       0x30 Drivers/DriverOled.o
 .text.set_page_address
                0x00000000        0xe Drivers/DriverOled.o
 .text.set_column_address
                0x00000000        0xe Drivers/DriverOled.o
 .text.DriverOLEDUpdate
                0x00000000       0x96 Drivers/DriverOled.o
 .text.DriverOLEDPrintText
                0x00000000      0x414 Drivers/DriverOled.o
 .text.DriverOLEDPrintSmChar
                0x00000000       0x16 Drivers/DriverOled.o
 .text.DriverOLEDPrintSmText
                0x00000000       0xca Drivers/DriverOled.o
 .text.DriverOLEDClearScreen
                0x00000000       0x16 Drivers/DriverOled.o
 .text.DriverOLEDInvertScreen
                0x00000000       0x34 Drivers/DriverOled.o
 .text.DriverOLEDNormalScreen
                0x00000000       0x34 Drivers/DriverOled.o
 .text.DriverOLEDDrawPixel
                0x00000000        0xc Drivers/DriverOled.o
 .text.DriverOLEDClearPixel
                0x00000000        0xc Drivers/DriverOled.o
 .text.DriverOLEDDrawLine
                0x00000000      0x13a Drivers/DriverOled.o
 .text.DriverOLEDDrawRectangle
                0x00000000       0x52 Drivers/DriverOled.o
 .text.DriverOLEDDrawSolidRectangle
                0x00000000       0x5c Drivers/DriverOled.o
 .text.Ellipse4Points
                0x00000000       0x62 Drivers/DriverOled.o
 .text.DriverOLEDDrawEllipse
                0x00000000      0x226 Drivers/DriverOled.o
 .text.DriverOLEDDrawCircle
                0x00000000        0x6 Drivers/DriverOled.o
 .text.DriverOLEDDrawTriangle
                0x00000000       0x54 Drivers/DriverOled.o
 .text.DriverOLEDSleep
                0x00000000       0x34 Drivers/DriverOled.o
 .text.DriverOLEDWake
                0x00000000       0x34 Drivers/DriverOled.o
 .text.DriverOLEDInit
                0x00000000      0x1ca Drivers/DriverOled.o
 .bss.DriverOLEDInitialized
                0x00000000        0x1 Drivers/DriverOled.o
 .rodata.font_6x8
                0x00000000      0x1d6 Drivers/DriverOled.o
 .progmem.data.font_16x16
                0x00000000      0xbe0 Drivers/DriverOled.o
 .bss.GlobOrientation
                0x00000000        0x1 Drivers/DriverOled.o
 .bss.buffer    0x00000000      0x400 Drivers/DriverOled.o
 .rodata.__contrast
                0x00000000        0x1 Drivers/DriverOled.o
 .rodata.__normal_display
                0x00000000        0x1 Drivers/DriverOled.o
 .rodata.__entire_display_on
                0x00000000        0x1 Drivers/DriverOled.o
 .rodata.__mux_ratio
                0x00000000        0x1 Drivers/DriverOled.o
 .rodata.__clk_div
                0x00000000        0x1 Drivers/DriverOled.o
 .rodata.__osc_freq
                0x00000000        0x1 Drivers/DriverOled.o
 .debug_info    0x00000000     0x1f0f Drivers/DriverOled.o
 .debug_abbrev  0x00000000      0x326 Drivers/DriverOled.o
 .debug_loc     0x00000000     0x28b1 Drivers/DriverOled.o
 .debug_aranges
                0x00000000      0x100 Drivers/DriverOled.o
 .debug_ranges  0x00000000      0x1c8 Drivers/DriverOled.o
 .debug_line    0x00000000      0xba2 Drivers/DriverOled.o
 .debug_str     0x00000000      0x506 Drivers/DriverOled.o
 .comment       0x00000000       0x31 Drivers/DriverOled.o
 .debug_frame   0x00000000      0x504 Drivers/DriverOled.o
 .text          0x00000000        0x0 Drivers/Driverpl9823Bitbang.o
 .data          0x00000000        0x0 Drivers/Driverpl9823Bitbang.o
 .bss           0x00000000        0x0 Drivers/Driverpl9823Bitbang.o
 .text          0x00000000        0x0 Drivers/DriverSysClk.o
 .data          0x00000000        0x0 Drivers/DriverSysClk.o
 .bss           0x00000000        0x0 Drivers/DriverSysClk.o
 .text          0x00000000        0x0 Drivers/DriverTWIMaster.o
 .data          0x00000000        0x0 Drivers/DriverTWIMaster.o
 .bss           0x00000000        0x0 Drivers/DriverTWIMaster.o
 .text.TWIMWriteRead
                0x00000000       0x7a Drivers/DriverTWIMaster.o
 .text.TWIMWrite
                0x00000000       0x10 Drivers/DriverTWIMaster.o
 .text.TWIMRead
                0x00000000       0x14 Drivers/DriverTWIMaster.o
 .text.TWIMArbitrationLostBusErrorHandler
                0x00000000       0x10 Drivers/DriverTWIMaster.o
 .text.TWIMTransactionFinished
                0x00000000        0x6 Drivers/DriverTWIMaster.o
 .text          0x00000000        0x0 Drivers/DriverUSART.o
 .data          0x00000000        0x0 Drivers/DriverUSART.o
 .bss           0x00000000        0x0 Drivers/DriverUSART.o
 .text          0x00000000        0x0 heap_2.o
 .data          0x00000000        0x0 heap_2.o
 .bss           0x00000000        0x0 heap_2.o
 .text.xPortGetFreeHeapSize
                0x00000000        0xa heap_2.o
 .text.vPortInitialiseBlocks
                0x00000000        0x2 heap_2.o
 .text          0x00000000        0x0 list.o
 .data          0x00000000        0x0 list.o
 .bss           0x00000000        0x0 list.o
 .text          0x00000000        0x0 port.o
 .data          0x00000000        0x0 port.o
 .bss           0x00000000        0x0 port.o
 .text.vPortEndScheduler
                0x00000000        0x2 port.o
 .text.vPortYieldISR
                0x00000000       0xb2 port.o
 .text          0x00000000        0x0 queue.o
 .data          0x00000000        0x0 queue.o
 .bss           0x00000000        0x0 queue.o
 .text.xQueueCreateMutex
                0x00000000       0x34 queue.o
 .text.xQueueGiveFromISR
                0x00000000       0xa6 queue.o
 .text.xQueueSemaphoreTake
                0x00000000      0x1f4 queue.o
 .text.xQueuePeek
                0x00000000      0x17a queue.o
 .text.xQueuePeekFromISR
                0x00000000       0x86 queue.o
 .text.uxQueueMessagesWaiting
                0x00000000       0x2a queue.o
 .text.uxQueueSpacesAvailable
                0x00000000       0x2e queue.o
 .text.uxQueueMessagesWaitingFromISR
                0x00000000       0x26 queue.o
 .text.vQueueDelete
                0x00000000       0x2a queue.o
 .text.uxQueueGetQueueNumber
                0x00000000        0x6 queue.o
 .text.vQueueSetQueueNumber
                0x00000000        0x6 queue.o
 .text.ucQueueGetQueueType
                0x00000000        0x6 queue.o
 .text.xQueueIsQueueEmptyFromISR
                0x00000000       0x26 queue.o
 .text.xQueueIsQueueFullFromISR
                0x00000000       0x28 queue.o
 .text.xQueueCRSend
                0x00000000       0x72 queue.o
 .text.xQueueCRReceive
                0x00000000       0x8e queue.o
 .text.xQueueCRSendFromISR
                0x00000000       0x4c queue.o
 .text.xQueueCRReceiveFromISR
                0x00000000       0x80 queue.o
 .text          0x00000000        0x0 tasks.o
 .data          0x00000000        0x0 tasks.o
 .bss           0x00000000        0x0 tasks.o
 .text.prvTaskIsTaskSuspended
                0x00000000       0x3e tasks.o
 .text.vTaskDelete
                0x00000000       0xec tasks.o
 .text.vTaskSuspend
                0x00000000       0xfa tasks.o
 .text.vTaskResume
                0x00000000       0xa0 tasks.o
 .text.xTaskResumeFromISR
                0x00000000       0xbc tasks.o
 .text.vTaskEndScheduler
                0x00000000        0xa tasks.o
 .text.xTaskGetTickCount
                0x00000000       0x14 tasks.o
 .text.xTaskGetTickCountFromISR
                0x00000000        0xa tasks.o
 .text.uxTaskGetNumberOfTasks
                0x00000000        0x6 tasks.o
 .text.pcTaskGetName
                0x00000000       0x36 tasks.o
 .text.xTaskGetIdleTaskHandle
                0x00000000       0x24 tasks.o
 .text.vTaskDelay
                0x00000000       0x4a tasks.o
 .text.vTaskPlaceOnUnorderedEventList
                0x00000000       0x6c tasks.o
 .text.vTaskRemoveFromUnorderedEventList
                0x00000000       0x9e tasks.o
 .text.vTaskSetTimeOutState
                0x00000000       0x3a tasks.o
 .text.uxTaskGetTaskNumber
                0x00000000        0xe tasks.o
 .text.vTaskSetTaskNumber
                0x00000000        0xa tasks.o
 .text.xTaskGetCurrentTaskHandle
                0x00000000        0xa tasks.o
 .text.xTaskPriorityInherit
                0x00000000       0xe6 tasks.o
 .text.vTaskPriorityDisinheritAfterTimeout
                0x00000000       0xde tasks.o
 .text.vTaskList
                0x00000000      0x10a tasks.o
 .text.uxTaskResetEventItemValue
                0x00000000       0x2e tasks.o
 .text.pvTaskIncrementMutexHeldCount
                0x00000000       0x24 tasks.o
 .text.ulTaskNotifyTake
                0x00000000       0xa8 tasks.o
 .text.xTaskNotifyWait
                0x00000000      0x10c tasks.o
 .text.xTaskGenericNotify
                0x00000000      0x162 tasks.o
 .text.xTaskGenericNotifyFromISR
                0x00000000      0x184 tasks.o
 .text.vTaskNotifyGiveFromISR
                0x00000000       0xe8 tasks.o
 .text.xTaskNotifyStateClear
                0x00000000       0x2e tasks.o
 .rodata.CSWTCH.224
                0x00000000        0x5 tasks.o
 .text          0x00000000        0x0 timers.o
 .data          0x00000000        0x0 timers.o
 .bss           0x00000000        0x0 timers.o
 .debug_info    0x00000000       0x64 timers.o
 .debug_abbrev  0x00000000       0x26 timers.o
 .debug_aranges
                0x00000000       0x18 timers.o
 .debug_line    0x00000000       0x1a timers.o
 .debug_str     0x00000000      0x1d4 timers.o
 .comment       0x00000000       0x31 timers.o
 .text          0x00000000        0x0 hooks.o
 .data          0x00000000        0x0 hooks.o
 .bss           0x00000000        0x0 hooks.o
 .text          0x00000000        0x0 main.o
 .data          0x00000000        0x0 main.o
 .bss           0x00000000        0x0 main.o
 .text          0x00000000        0x0 Tasks/LooplichtTask.o
 .data          0x00000000        0x0 Tasks/LooplichtTask.o
 .bss           0x00000000        0x0 Tasks/LooplichtTask.o
 .text          0x00000000        0x0 Tasks/RGBLedTask.o
 .data          0x00000000        0x0 Tasks/RGBLedTask.o
 .bss           0x00000000        0x0 Tasks/RGBLedTask.o
 .text          0x00000000        0x0 Tasks/TerminalTask.o
 .data          0x00000000        0x0 Tasks/TerminalTask.o
 .bss           0x00000000        0x0 Tasks/TerminalTask.o
 .text          0x00000000        0x0 ../Drivers\libDriverPower.a(DriverPower.o)
 .data          0x00000000        0x0 ../Drivers\libDriverPower.a(DriverPower.o)
 .bss           0x00000000        0x0 ../Drivers\libDriverPower.a(DriverPower.o)
 .text          0x00000000        0x0 c:/program files (x86)/atmel/studio/7.0/toolchain/avr8/avr8-gnu-toolchain/bin/../lib/gcc/avr/5.4.0/../../../../avr/lib/avrxmega6\libprintf_flt.a(vfprintf_flt.o)
 .data          0x00000000        0x0 c:/program files (x86)/atmel/studio/7.0/toolchain/avr8/avr8-gnu-toolchain/bin/../lib/gcc/avr/5.4.0/../../../../avr/lib/avrxmega6\libprintf_flt.a(vfprintf_flt.o)
 .bss           0x00000000        0x0 c:/program files (x86)/atmel/studio/7.0/toolchain/avr8/avr8-gnu-toolchain/bin/../lib/gcc/avr/5.4.0/../../../../avr/lib/avrxmega6\libprintf_flt.a(vfprintf_flt.o)
 .text          0x00000000        0x0 c:/program files (x86)/atmel/studio/7.0/toolchain/avr8/avr8-gnu-toolchain/bin/../lib/gcc/avr/5.4.0/avrxmega6\libgcc.a(_udivmodsi4.o)
 .data          0x00000000        0x0 c:/program files (x86)/atmel/studio/7.0/toolchain/avr8/avr8-gnu-toolchain/bin/../lib/gcc/avr/5.4.0/avrxmega6\libgcc.a(_udivmodsi4.o)
 .bss           0x00000000        0x0 c:/program files (x86)/atmel/studio/7.0/toolchain/avr8/avr8-gnu-toolchain/bin/../lib/gcc/avr/5.4.0/avrxmega6\libgcc.a(_udivmodsi4.o)
 .text.libgcc.mul
                0x00000000        0x0 c:/program files (x86)/atmel/studio/7.0/toolchain/avr8/avr8-gnu-toolchain/bin/../lib/gcc/avr/5.4.0/avrxmega6\libgcc.a(_udivmodsi4.o)
 .text.libgcc   0x00000000        0x0 c:/program files (x86)/atmel/studio/7.0/toolchain/avr8/avr8-gnu-toolchain/bin/../lib/gcc/avr/5.4.0/avrxmega6\libgcc.a(_udivmodsi4.o)
 .text.libgcc.prologue
                0x00000000        0x0 c:/program files (x86)/atmel/studio/7.0/toolchain/avr8/avr8-gnu-toolchain/bin/../lib/gcc/avr/5.4.0/avrxmega6\libgcc.a(_udivmodsi4.o)
 .text.libgcc.builtins
                0x00000000        0x0 c:/program files (x86)/atmel/studio/7.0/toolchain/avr8/avr8-gnu-toolchain/bin/../lib/gcc/avr/5.4.0/avrxmega6\libgcc.a(_udivmodsi4.o)
 .text.libgcc.fmul
                0x00000000        0x0 c:/program files (x86)/atmel/studio/7.0/toolchain/avr8/avr8-gnu-toolchain/bin/../lib/gcc/avr/5.4.0/avrxmega6\libgcc.a(_udivmodsi4.o)
 .text.libgcc.fixed
                0x00000000        0x0 c:/program files (x86)/atmel/studio/7.0/toolchain/avr8/avr8-gnu-toolchain/bin/../lib/gcc/avr/5.4.0/avrxmega6\libgcc.a(_udivmodsi4.o)
 .text          0x00000000        0x0 c:/program files (x86)/atmel/studio/7.0/toolchain/avr8/avr8-gnu-toolchain/bin/../lib/gcc/avr/5.4.0/avrxmega6\libgcc.a(_exit.o)
 .data          0x00000000        0x0 c:/program files (x86)/atmel/studio/7.0/toolchain/avr8/avr8-gnu-toolchain/bin/../lib/gcc/avr/5.4.0/avrxmega6\libgcc.a(_exit.o)
 .bss           0x00000000        0x0 c:/program files (x86)/atmel/studio/7.0/toolchain/avr8/avr8-gnu-toolchain/bin/../lib/gcc/avr/5.4.0/avrxmega6\libgcc.a(_exit.o)
 .text.libgcc.mul
                0x00000000        0x0 c:/program files (x86)/atmel/studio/7.0/toolchain/avr8/avr8-gnu-toolchain/bin/../lib/gcc/avr/5.4.0/avrxmega6\libgcc.a(_exit.o)
 .text.libgcc.div
                0x00000000        0x0 c:/program files (x86)/atmel/studio/7.0/toolchain/avr8/avr8-gnu-toolchain/bin/../lib/gcc/avr/5.4.0/avrxmega6\libgcc.a(_exit.o)
 .text.libgcc   0x00000000        0x0 c:/program files (x86)/atmel/studio/7.0/toolchain/avr8/avr8-gnu-toolchain/bin/../lib/gcc/avr/5.4.0/avrxmega6\libgcc.a(_exit.o)
 .text.libgcc.prologue
                0x00000000        0x0 c:/program files (x86)/atmel/studio/7.0/toolchain/avr8/avr8-gnu-toolchain/bin/../lib/gcc/avr/5.4.0/avrxmega6\libgcc.a(_exit.o)
 .text.libgcc.builtins
                0x00000000        0x0 c:/program files (x86)/atmel/studio/7.0/toolchain/avr8/avr8-gnu-toolchain/bin/../lib/gcc/avr/5.4.0/avrxmega6\libgcc.a(_exit.o)
 .text.libgcc.fmul
                0x00000000        0x0 c:/program files (x86)/atmel/studio/7.0/toolchain/avr8/avr8-gnu-toolchain/bin/../lib/gcc/avr/5.4.0/avrxmega6\libgcc.a(_exit.o)
 .text.libgcc.fixed
                0x00000000        0x0 c:/program files (x86)/atmel/studio/7.0/toolchain/avr8/avr8-gnu-toolchain/bin/../lib/gcc/avr/5.4.0/avrxmega6\libgcc.a(_exit.o)
 .text          0x00000000        0x0 c:/program files (x86)/atmel/studio/7.0/toolchain/avr8/avr8-gnu-toolchain/bin/../lib/gcc/avr/5.4.0/avrxmega6\libgcc.a(_copy_data.o)
 .data          0x00000000        0x0 c:/program files (x86)/atmel/studio/7.0/toolchain/avr8/avr8-gnu-toolchain/bin/../lib/gcc/avr/5.4.0/avrxmega6\libgcc.a(_copy_data.o)
 .bss           0x00000000        0x0 c:/program files (x86)/atmel/studio/7.0/toolchain/avr8/avr8-gnu-toolchain/bin/../lib/gcc/avr/5.4.0/avrxmega6\libgcc.a(_copy_data.o)
 .text.libgcc.mul
                0x00000000        0x0 c:/program files (x86)/atmel/studio/7.0/toolchain/avr8/avr8-gnu-toolchain/bin/../lib/gcc/avr/5.4.0/avrxmega6\libgcc.a(_copy_data.o)
 .text.libgcc.div
                0x00000000        0x0 c:/program files (x86)/atmel/studio/7.0/toolchain/avr8/avr8-gnu-toolchain/bin/../lib/gcc/avr/5.4.0/avrxmega6\libgcc.a(_copy_data.o)
 .text.libgcc   0x00000000        0x0 c:/program files (x86)/atmel/studio/7.0/toolchain/avr8/avr8-gnu-toolchain/bin/../lib/gcc/avr/5.4.0/avrxmega6\libgcc.a(_copy_data.o)
 .text.libgcc.prologue
                0x00000000        0x0 c:/program files (x86)/atmel/studio/7.0/toolchain/avr8/avr8-gnu-toolchain/bin/../lib/gcc/avr/5.4.0/avrxmega6\libgcc.a(_copy_data.o)
 .text.libgcc.builtins
                0x00000000        0x0 c:/program files (x86)/atmel/studio/7.0/toolchain/avr8/avr8-gnu-toolchain/bin/../lib/gcc/avr/5.4.0/avrxmega6\libgcc.a(_copy_data.o)
 .text.libgcc.fmul
                0x00000000        0x0 c:/program files (x86)/atmel/studio/7.0/toolchain/avr8/avr8-gnu-toolchain/bin/../lib/gcc/avr/5.4.0/avrxmega6\libgcc.a(_copy_data.o)
 .text.libgcc.fixed
                0x00000000        0x0 c:/program files (x86)/atmel/studio/7.0/toolchain/avr8/avr8-gnu-toolchain/bin/../lib/gcc/avr/5.4.0/avrxmega6\libgcc.a(_copy_data.o)
 .text          0x00000000        0x0 c:/program files (x86)/atmel/studio/7.0/toolchain/avr8/avr8-gnu-toolchain/bin/../lib/gcc/avr/5.4.0/avrxmega6\libgcc.a(_clear_bss.o)
 .data          0x00000000        0x0 c:/program files (x86)/atmel/studio/7.0/toolchain/avr8/avr8-gnu-toolchain/bin/../lib/gcc/avr/5.4.0/avrxmega6\libgcc.a(_clear_bss.o)
 .bss           0x00000000        0x0 c:/program files (x86)/atmel/studio/7.0/toolchain/avr8/avr8-gnu-toolchain/bin/../lib/gcc/avr/5.4.0/avrxmega6\libgcc.a(_clear_bss.o)
 .text.libgcc.mul
                0x00000000        0x0 c:/program files (x86)/atmel/studio/7.0/toolchain/avr8/avr8-gnu-toolchain/bin/../lib/gcc/avr/5.4.0/avrxmega6\libgcc.a(_clear_bss.o)
 .text.libgcc.div
                0x00000000        0x0 c:/program files (x86)/atmel/studio/7.0/toolchain/avr8/avr8-gnu-toolchain/bin/../lib/gcc/avr/5.4.0/avrxmega6\libgcc.a(_clear_bss.o)
 .text.libgcc   0x00000000        0x0 c:/program files (x86)/atmel/studio/7.0/toolchain/avr8/avr8-gnu-toolchain/bin/../lib/gcc/avr/5.4.0/avrxmega6\libgcc.a(_clear_bss.o)
 .text.libgcc.prologue
                0x00000000        0x0 c:/program files (x86)/atmel/studio/7.0/toolchain/avr8/avr8-gnu-toolchain/bin/../lib/gcc/avr/5.4.0/avrxmega6\libgcc.a(_clear_bss.o)
 .text.libgcc.builtins
                0x00000000        0x0 c:/program files (x86)/atmel/studio/7.0/toolchain/avr8/avr8-gnu-toolchain/bin/../lib/gcc/avr/5.4.0/avrxmega6\libgcc.a(_clear_bss.o)
 .text.libgcc.fmul
                0x00000000        0x0 c:/program files (x86)/atmel/studio/7.0/toolchain/avr8/avr8-gnu-toolchain/bin/../lib/gcc/avr/5.4.0/avrxmega6\libgcc.a(_clear_bss.o)
 .text.libgcc.fixed
                0x00000000        0x0 c:/program files (x86)/atmel/studio/7.0/toolchain/avr8/avr8-gnu-toolchain/bin/../lib/gcc/avr/5.4.0/avrxmega6\libgcc.a(_clear_bss.o)
 .text          0x00000000        0x0 c:/program files (x86)/atmel/studio/7.0/toolchain/avr8/avr8-gnu-toolchain/bin/../lib/gcc/avr/5.4.0/../../../../avr/lib/avrxmega6\libc.a(ftoa_engine.o)
 .data          0x00000000        0x0 c:/program files (x86)/atmel/studio/7.0/toolchain/avr8/avr8-gnu-toolchain/bin/../lib/gcc/avr/5.4.0/../../../../avr/lib/avrxmega6\libc.a(ftoa_engine.o)
 .bss           0x00000000        0x0 c:/program files (x86)/atmel/studio/7.0/toolchain/avr8/avr8-gnu-toolchain/bin/../lib/gcc/avr/5.4.0/../../../../avr/lib/avrxmega6\libc.a(ftoa_engine.o)
 .text          0x00000000        0x0 c:/program files (x86)/atmel/studio/7.0/toolchain/avr8/avr8-gnu-toolchain/bin/../lib/gcc/avr/5.4.0/../../../../avr/lib/avrxmega6\libc.a(strnlen_P.o)
 .data          0x00000000        0x0 c:/program files (x86)/atmel/studio/7.0/toolchain/avr8/avr8-gnu-toolchain/bin/../lib/gcc/avr/5.4.0/../../../../avr/lib/avrxmega6\libc.a(strnlen_P.o)
 .bss           0x00000000        0x0 c:/program files (x86)/atmel/studio/7.0/toolchain/avr8/avr8-gnu-toolchain/bin/../lib/gcc/avr/5.4.0/../../../../avr/lib/avrxmega6\libc.a(strnlen_P.o)
 .text          0x00000000        0x0 c:/program files (x86)/atmel/studio/7.0/toolchain/avr8/avr8-gnu-toolchain/bin/../lib/gcc/avr/5.4.0/../../../../avr/lib/avrxmega6\libc.a(memcpy.o)
 .data          0x00000000        0x0 c:/program files (x86)/atmel/studio/7.0/toolchain/avr8/avr8-gnu-toolchain/bin/../lib/gcc/avr/5.4.0/../../../../avr/lib/avrxmega6\libc.a(memcpy.o)
 .bss           0x00000000        0x0 c:/program files (x86)/atmel/studio/7.0/toolchain/avr8/avr8-gnu-toolchain/bin/../lib/gcc/avr/5.4.0/../../../../avr/lib/avrxmega6\libc.a(memcpy.o)
 .text          0x00000000        0x0 c:/program files (x86)/atmel/studio/7.0/toolchain/avr8/avr8-gnu-toolchain/bin/../lib/gcc/avr/5.4.0/../../../../avr/lib/avrxmega6\libc.a(memset.o)
 .data          0x00000000        0x0 c:/program files (x86)/atmel/studio/7.0/toolchain/avr8/avr8-gnu-toolchain/bin/../lib/gcc/avr/5.4.0/../../../../avr/lib/avrxmega6\libc.a(memset.o)
 .bss           0x00000000        0x0 c:/program files (x86)/atmel/studio/7.0/toolchain/avr8/avr8-gnu-toolchain/bin/../lib/gcc/avr/5.4.0/../../../../avr/lib/avrxmega6\libc.a(memset.o)
 .text          0x00000000        0x0 c:/program files (x86)/atmel/studio/7.0/toolchain/avr8/avr8-gnu-toolchain/bin/../lib/gcc/avr/5.4.0/../../../../avr/lib/avrxmega6\libc.a(strcmp.o)
 .data          0x00000000        0x0 c:/program files (x86)/atmel/studio/7.0/toolchain/avr8/avr8-gnu-toolchain/bin/../lib/gcc/avr/5.4.0/../../../../avr/lib/avrxmega6\libc.a(strcmp.o)
 .bss           0x00000000        0x0 c:/program files (x86)/atmel/studio/7.0/toolchain/avr8/avr8-gnu-toolchain/bin/../lib/gcc/avr/5.4.0/../../../../avr/lib/avrxmega6\libc.a(strcmp.o)
 .text          0x00000000        0x0 c:/program files (x86)/atmel/studio/7.0/toolchain/avr8/avr8-gnu-toolchain/bin/../lib/gcc/avr/5.4.0/../../../../avr/lib/avrxmega6\libc.a(strcpy.o)
 .data          0x00000000        0x0 c:/program files (x86)/atmel/studio/7.0/toolchain/avr8/avr8-gnu-toolchain/bin/../lib/gcc/avr/5.4.0/../../../../avr/lib/avrxmega6\libc.a(strcpy.o)
 .bss           0x00000000        0x0 c:/program files (x86)/atmel/studio/7.0/toolchain/avr8/avr8-gnu-toolchain/bin/../lib/gcc/avr/5.4.0/../../../../avr/lib/avrxmega6\libc.a(strcpy.o)
 .text          0x00000000        0x0 c:/program files (x86)/atmel/studio/7.0/toolchain/avr8/avr8-gnu-toolchain/bin/../lib/gcc/avr/5.4.0/../../../../avr/lib/avrxmega6\libc.a(strnlen.o)
 .data          0x00000000        0x0 c:/program files (x86)/atmel/studio/7.0/toolchain/avr8/avr8-gnu-toolchain/bin/../lib/gcc/avr/5.4.0/../../../../avr/lib/avrxmega6\libc.a(strnlen.o)
 .bss           0x00000000        0x0 c:/program files (x86)/atmel/studio/7.0/toolchain/avr8/avr8-gnu-toolchain/bin/../lib/gcc/avr/5.4.0/../../../../avr/lib/avrxmega6\libc.a(strnlen.o)
 .text          0x00000000        0x0 c:/program files (x86)/atmel/studio/7.0/toolchain/avr8/avr8-gnu-toolchain/bin/../lib/gcc/avr/5.4.0/../../../../avr/lib/avrxmega6\libc.a(fputc.o)
 .data          0x00000000        0x0 c:/program files (x86)/atmel/studio/7.0/toolchain/avr8/avr8-gnu-toolchain/bin/../lib/gcc/avr/5.4.0/../../../../avr/lib/avrxmega6\libc.a(fputc.o)
 .bss           0x00000000        0x0 c:/program files (x86)/atmel/studio/7.0/toolchain/avr8/avr8-gnu-toolchain/bin/../lib/gcc/avr/5.4.0/../../../../avr/lib/avrxmega6\libc.a(fputc.o)
 .text          0x00000000        0x0 c:/program files (x86)/atmel/studio/7.0/toolchain/avr8/avr8-gnu-toolchain/bin/../lib/gcc/avr/5.4.0/../../../../avr/lib/avrxmega6\libc.a(iob.o)
 .data          0x00000000        0x0 c:/program files (x86)/atmel/studio/7.0/toolchain/avr8/avr8-gnu-toolchain/bin/../lib/gcc/avr/5.4.0/../../../../avr/lib/avrxmega6\libc.a(iob.o)
 .bss           0x00000000        0x0 c:/program files (x86)/atmel/studio/7.0/toolchain/avr8/avr8-gnu-toolchain/bin/../lib/gcc/avr/5.4.0/../../../../avr/lib/avrxmega6\libc.a(iob.o)
 .text          0x00000000        0x0 c:/program files (x86)/atmel/studio/7.0/toolchain/avr8/avr8-gnu-toolchain/bin/../lib/gcc/avr/5.4.0/../../../../avr/lib/avrxmega6\libc.a(printf.o)
 .data          0x00000000        0x0 c:/program files (x86)/atmel/studio/7.0/toolchain/avr8/avr8-gnu-toolchain/bin/../lib/gcc/avr/5.4.0/../../../../avr/lib/avrxmega6\libc.a(printf.o)
 .bss           0x00000000        0x0 c:/program files (x86)/atmel/studio/7.0/toolchain/avr8/avr8-gnu-toolchain/bin/../lib/gcc/avr/5.4.0/../../../../avr/lib/avrxmega6\libc.a(printf.o)
 .text          0x00000000        0x0 c:/program files (x86)/atmel/studio/7.0/toolchain/avr8/avr8-gnu-toolchain/bin/../lib/gcc/avr/5.4.0/../../../../avr/lib/avrxmega6\libc.a(puts.o)
 .data          0x00000000        0x0 c:/program files (x86)/atmel/studio/7.0/toolchain/avr8/avr8-gnu-toolchain/bin/../lib/gcc/avr/5.4.0/../../../../avr/lib/avrxmega6\libc.a(puts.o)
 .bss           0x00000000        0x0 c:/program files (x86)/atmel/studio/7.0/toolchain/avr8/avr8-gnu-toolchain/bin/../lib/gcc/avr/5.4.0/../../../../avr/lib/avrxmega6\libc.a(puts.o)
 .text          0x00000000        0x0 c:/program files (x86)/atmel/studio/7.0/toolchain/avr8/avr8-gnu-toolchain/bin/../lib/gcc/avr/5.4.0/../../../../avr/lib/avrxmega6\libc.a(scanf.o)
 .data          0x00000000        0x0 c:/program files (x86)/atmel/studio/7.0/toolchain/avr8/avr8-gnu-toolchain/bin/../lib/gcc/avr/5.4.0/../../../../avr/lib/avrxmega6\libc.a(scanf.o)
 .bss           0x00000000        0x0 c:/program files (x86)/atmel/studio/7.0/toolchain/avr8/avr8-gnu-toolchain/bin/../lib/gcc/avr/5.4.0/../../../../avr/lib/avrxmega6\libc.a(scanf.o)
 .text          0x00000000        0x0 c:/program files (x86)/atmel/studio/7.0/toolchain/avr8/avr8-gnu-toolchain/bin/../lib/gcc/avr/5.4.0/../../../../avr/lib/avrxmega6\libc.a(snprintf.o)
 .data          0x00000000        0x0 c:/program files (x86)/atmel/studio/7.0/toolchain/avr8/avr8-gnu-toolchain/bin/../lib/gcc/avr/5.4.0/../../../../avr/lib/avrxmega6\libc.a(snprintf.o)
 .bss           0x00000000        0x0 c:/program files (x86)/atmel/studio/7.0/toolchain/avr8/avr8-gnu-toolchain/bin/../lib/gcc/avr/5.4.0/../../../../avr/lib/avrxmega6\libc.a(snprintf.o)
 .text          0x00000000        0x0 c:/program files (x86)/atmel/studio/7.0/toolchain/avr8/avr8-gnu-toolchain/bin/../lib/gcc/avr/5.4.0/../../../../avr/lib/avrxmega6\libc.a(sprintf.o)
 .data          0x00000000        0x0 c:/program files (x86)/atmel/studio/7.0/toolchain/avr8/avr8-gnu-toolchain/bin/../lib/gcc/avr/5.4.0/../../../../avr/lib/avrxmega6\libc.a(sprintf.o)
 .bss           0x00000000        0x0 c:/program files (x86)/atmel/studio/7.0/toolchain/avr8/avr8-gnu-toolchain/bin/../lib/gcc/avr/5.4.0/../../../../avr/lib/avrxmega6\libc.a(sprintf.o)
 .text          0x00000000        0x0 c:/program files (x86)/atmel/studio/7.0/toolchain/avr8/avr8-gnu-toolchain/bin/../lib/gcc/avr/5.4.0/../../../../avr/lib/avrxmega6\libc.a(ultoa_invert.o)
 .data          0x00000000        0x0 c:/program files (x86)/atmel/studio/7.0/toolchain/avr8/avr8-gnu-toolchain/bin/../lib/gcc/avr/5.4.0/../../../../avr/lib/avrxmega6\libc.a(ultoa_invert.o)
 .bss           0x00000000        0x0 c:/program files (x86)/atmel/studio/7.0/toolchain/avr8/avr8-gnu-toolchain/bin/../lib/gcc/avr/5.4.0/../../../../avr/lib/avrxmega6\libc.a(ultoa_invert.o)
 .text          0x00000000        0x0 c:/program files (x86)/atmel/studio/7.0/toolchain/avr8/avr8-gnu-toolchain/bin/../lib/gcc/avr/5.4.0/../../../../avr/lib/avrxmega6\libc.a(vfscanf_std.o)
 .data          0x00000000        0x0 c:/program files (x86)/atmel/studio/7.0/toolchain/avr8/avr8-gnu-toolchain/bin/../lib/gcc/avr/5.4.0/../../../../avr/lib/avrxmega6\libc.a(vfscanf_std.o)
 .bss           0x00000000        0x0 c:/program files (x86)/atmel/studio/7.0/toolchain/avr8/avr8-gnu-toolchain/bin/../lib/gcc/avr/5.4.0/../../../../avr/lib/avrxmega6\libc.a(vfscanf_std.o)
 .text          0x00000000        0x0 c:/program files (x86)/atmel/studio/7.0/toolchain/avr8/avr8-gnu-toolchain/bin/../lib/gcc/avr/5.4.0/../../../../avr/lib/avrxmega6\libc.a(isspace.o)
 .data          0x00000000        0x0 c:/program files (x86)/atmel/studio/7.0/toolchain/avr8/avr8-gnu-toolchain/bin/../lib/gcc/avr/5.4.0/../../../../avr/lib/avrxmega6\libc.a(isspace.o)
 .bss           0x00000000        0x0 c:/program files (x86)/atmel/studio/7.0/toolchain/avr8/avr8-gnu-toolchain/bin/../lib/gcc/avr/5.4.0/../../../../avr/lib/avrxmega6\libc.a(isspace.o)
 .text          0x00000000        0x0 c:/program files (x86)/atmel/studio/7.0/toolchain/avr8/avr8-gnu-toolchain/bin/../lib/gcc/avr/5.4.0/../../../../avr/lib/avrxmega6\libc.a(strchr_P.o)
 .data          0x00000000        0x0 c:/program files (x86)/atmel/studio/7.0/toolchain/avr8/avr8-gnu-toolchain/bin/../lib/gcc/avr/5.4.0/../../../../avr/lib/avrxmega6\libc.a(strchr_P.o)
 .bss           0x00000000        0x0 c:/program files (x86)/atmel/studio/7.0/toolchain/avr8/avr8-gnu-toolchain/bin/../lib/gcc/avr/5.4.0/../../../../avr/lib/avrxmega6\libc.a(strchr_P.o)
 .text          0x00000000        0x0 c:/program files (x86)/atmel/studio/7.0/toolchain/avr8/avr8-gnu-toolchain/bin/../lib/gcc/avr/5.4.0/../../../../avr/lib/avrxmega6\libc.a(fgetc.o)
 .data          0x00000000        0x0 c:/program files (x86)/atmel/studio/7.0/toolchain/avr8/avr8-gnu-toolchain/bin/../lib/gcc/avr/5.4.0/../../../../avr/lib/avrxmega6\libc.a(fgetc.o)
 .bss           0x00000000        0x0 c:/program files (x86)/atmel/studio/7.0/toolchain/avr8/avr8-gnu-toolchain/bin/../lib/gcc/avr/5.4.0/../../../../avr/lib/avrxmega6\libc.a(fgetc.o)
 .text          0x00000000        0x0 c:/program files (x86)/atmel/studio/7.0/toolchain/avr8/avr8-gnu-toolchain/bin/../lib/gcc/avr/5.4.0/../../../../avr/lib/avrxmega6\libc.a(ungetc.o)
 .data          0x00000000        0x0 c:/program files (x86)/atmel/studio/7.0/toolchain/avr8/avr8-gnu-toolchain/bin/../lib/gcc/avr/5.4.0/../../../../avr/lib/avrxmega6\libc.a(ungetc.o)
 .bss           0x00000000        0x0 c:/program files (x86)/atmel/studio/7.0/toolchain/avr8/avr8-gnu-toolchain/bin/../lib/gcc/avr/5.4.0/../../../../avr/lib/avrxmega6\libc.a(ungetc.o)
 .text          0x00000000        0x0 c:/program files (x86)/atmel/studio/7.0/toolchain/avr8/avr8-gnu-toolchain/bin/../lib/gcc/avr/5.4.0/../../../../avr/lib/avrxmega6\libc.a(cty_isfalse.o)
 .data          0x00000000        0x0 c:/program files (x86)/atmel/studio/7.0/toolchain/avr8/avr8-gnu-toolchain/bin/../lib/gcc/avr/5.4.0/../../../../avr/lib/avrxmega6\libc.a(cty_isfalse.o)
 .bss           0x00000000        0x0 c:/program files (x86)/atmel/studio/7.0/toolchain/avr8/avr8-gnu-toolchain/bin/../lib/gcc/avr/5.4.0/../../../../avr/lib/avrxmega6\libc.a(cty_isfalse.o)

Memory Configuration

Name             Origin             Length             Attributes
text             0x00000000         0x00100000         xr
data             0x00802000         0x0000ffa0         rw !x
eeprom           0x00810000         0x00010000         rw !x
fuse             0x00820000         0x00000006         rw !x
lock             0x00830000         0x00000400         rw !x
signature        0x00840000         0x00000400         rw !x
user_signatures  0x00850000         0x00000400         rw !x
*default*        0x00000000         0xffffffff

Linker script and memory map

LOAD C:/Program Files (x86)/Atmel/Studio/7.0/Packs/atmel/XMEGAC_DFP/1.1.50/gcc/dev/atxmega384c3/avrxmega6/crtatxmega384c3.o
LOAD Drivers/Drivepl9823Bitbang.o
LOAD Drivers/DriverAdc.o
LOAD Drivers/DriverAdps9960.o
LOAD Drivers/DriverCursorstick.o
LOAD Drivers/DriverDbgUSART.o
LOAD Drivers/DriverLed.o
LOAD Drivers/DriverMotor.o
LOAD DriverMPU6050.o
LOAD Drivers/DriverOled.o
LOAD Drivers/Driverpl9823Bitbang.o
LOAD Drivers/DriverSysClk.o
LOAD Drivers/DriverTWIMaster.o
LOAD Drivers/DriverUSART.o
LOAD heap_2.o
LOAD list.o
LOAD port.o
LOAD queue.o
LOAD tasks.o
LOAD timers.o
LOAD hooks.o
LOAD main.o
LOAD Tasks/LooplichtTask.o
LOAD Tasks/RGBLedTask.o
LOAD Tasks/TerminalTask.o
START GROUP
LOAD c:/program files (x86)/atmel/studio/7.0/toolchain/avr8/avr8-gnu-toolchain/bin/../lib/gcc/avr/5.4.0/../../../../avr/lib/avrxmega6\libm.a
LOAD ../Drivers\libDriverPower.a
LOAD c:/program files (x86)/atmel/studio/7.0/toolchain/avr8/avr8-gnu-toolchain/bin/../lib/gcc/avr/5.4.0/../../../../avr/lib/avrxmega6\libprintf_flt.a
END GROUP
START GROUP
LOAD c:/program files (x86)/atmel/studio/7.0/toolchain/avr8/avr8-gnu-toolchain/bin/../lib/gcc/avr/5.4.0/avrxmega6\libgcc.a
LOAD c:/program files (x86)/atmel/studio/7.0/toolchain/avr8/avr8-gnu-toolchain/bin/../lib/gcc/avr/5.4.0/../../../../avr/lib/avrxmega6\libm.a
LOAD c:/program files (x86)/atmel/studio/7.0/toolchain/avr8/avr8-gnu-toolchain/bin/../lib/gcc/avr/5.4.0/../../../../avr/lib/avrxmega6\libc.a
LOAD C:/Program Files (x86)/Atmel/Studio/7.0/Packs/atmel/XMEGAC_DFP/1.1.50/gcc/dev/atxmega384c3/avrxmega6\libatxmega384c3.a
END GROUP
                0x00000000                __TEXT_REGION_ORIGIN__ = DEFINED (__TEXT_REGION_ORIGIN__)?__TEXT_REGION_ORIGIN__:0x0
                0x00802000                __DATA_REGION_ORIGIN__ = DEFINED (__DATA_REGION_ORIGIN__)?__DATA_REGION_ORIGIN__:0x802000
                0x00100000                __TEXT_REGION_LENGTH__ = DEFINED (__TEXT_REGION_LENGTH__)?__TEXT_REGION_LENGTH__:0x100000
                0x0000ffa0                __DATA_REGION_LENGTH__ = DEFINED (__DATA_REGION_LENGTH__)?__DATA_REGION_LENGTH__:0xffa0
                0x00010000                __EEPROM_REGION_LENGTH__ = DEFINED (__EEPROM_REGION_LENGTH__)?__EEPROM_REGION_LENGTH__:0x10000
                [0x00000006]                __FUSE_REGION_LENGTH__ = DEFINED (__FUSE_REGION_LENGTH__)?__FUSE_REGION_LENGTH__:0x400
                0x00000400                __LOCK_REGION_LENGTH__ = DEFINED (__LOCK_REGION_LENGTH__)?__LOCK_REGION_LENGTH__:0x400
                0x00000400                __SIGNATURE_REGION_LENGTH__ = DEFINED (__SIGNATURE_REGION_LENGTH__)?__SIGNATURE_REGION_LENGTH__:0x400
                0x00000400                __USER_SIGNATURE_REGION_LENGTH__ = DEFINED (__USER_SIGNATURE_REGION_LENGTH__)?__USER_SIGNATURE_REGION_LENGTH__:0x400

.hash
 *(.hash)

.dynsym
 *(.dynsym)

.dynstr
 *(.dynstr)

.gnu.version
 *(.gnu.version)

.gnu.version_d
 *(.gnu.version_d)

.gnu.version_r
 *(.gnu.version_r)

.rel.init
 *(.rel.init)

.rela.init
 *(.rela.init)

.rel.text
 *(.rel.text)
 *(.rel.text.*)
 *(.rel.gnu.linkonce.t*)

.rela.text
 *(.rela.text)
 *(.rela.text.*)
 *(.rela.gnu.linkonce.t*)

.rel.fini
 *(.rel.fini)

.rela.fini
 *(.rela.fini)

.rel.rodata
 *(.rel.rodata)
 *(.rel.rodata.*)
 *(.rel.gnu.linkonce.r*)

.rela.rodata
 *(.rela.rodata)
 *(.rela.rodata.*)
 *(.rela.gnu.linkonce.r*)

.rel.data
 *(.rel.data)
 *(.rel.data.*)
 *(.rel.gnu.linkonce.d*)

.rela.data
 *(.rela.data)
 *(.rela.data.*)
 *(.rela.gnu.linkonce.d*)

.rel.ctors
 *(.rel.ctors)

.rela.ctors
 *(.rela.ctors)

.rel.dtors
 *(.rel.dtors)

.rela.dtors
 *(.rela.dtors)

.rel.got
 *(.rel.got)

.rela.got
 *(.rela.got)

.rel.bss
 *(.rel.bss)

.rela.bss
 *(.rela.bss)

.rel.plt
 *(.rel.plt)

.rela.plt
 *(.rela.plt)

.text           0x00000000     0x3cca
 *(.vectors)
 .vectors       0x00000000      0x1fc C:/Program Files (x86)/Atmel/Studio/7.0/Packs/atmel/XMEGAC_DFP/1.1.50/gcc/dev/atxmega384c3/avrxmega6/crtatxmega384c3.o
                0x00000000                __vector_default
                0x00000000                __vectors
 *(.vectors)
 *(.progmem.gcc*)
                0x000001fc                . = ALIGN (0x2)
                0x000001fc                __trampolines_start = .
 *(.trampolines)
 .trampolines   0x000001fc       0x18 linker stubs
 *(.trampolines*)
                0x00000214                __trampolines_end = .
 *libprintf_flt.a:*(.progmem.data)
 .progmem.data  0x00000214        0x8 c:/program files (x86)/atmel/studio/7.0/toolchain/avr8/avr8-gnu-toolchain/bin/../lib/gcc/avr/5.4.0/../../../../avr/lib/avrxmega6\libprintf_flt.a(vfprintf_flt.o)
 *libc.a:*(.progmem.data)
 .progmem.data  0x0000021c       0xfa c:/program files (x86)/atmel/studio/7.0/toolchain/avr8/avr8-gnu-toolchain/bin/../lib/gcc/avr/5.4.0/../../../../avr/lib/avrxmega6\libc.a(ftoa_engine.o)
 .progmem.data  0x00000316        0xc c:/program files (x86)/atmel/studio/7.0/toolchain/avr8/avr8-gnu-toolchain/bin/../lib/gcc/avr/5.4.0/../../../../avr/lib/avrxmega6\libc.a(vfscanf_std.o)
 *(.progmem*)
                0x00000322                . = ALIGN (0x2)
 *(.jumptables)
 *(.jumptables*)
 *(.lowtext)
 *(.lowtext*)
                0x00000322                __ctors_start = .
 *(.ctors)
                0x00000322                __ctors_end = .
                0x00000322                __dtors_start = .
 *(.dtors)
                0x00000322                __dtors_end = .
 SORT(*)(.ctors)
 SORT(*)(.dtors)
 *(.init0)
 .init0         0x00000322        0x0 C:/Program Files (x86)/Atmel/Studio/7.0/Packs/atmel/XMEGAC_DFP/1.1.50/gcc/dev/atxmega384c3/avrxmega6/crtatxmega384c3.o
                0x00000322                __init
 *(.init0)
 *(.init1)
 *(.init1)
 *(.init2)
 .init2         0x00000322       0x10 C:/Program Files (x86)/Atmel/Studio/7.0/Packs/atmel/XMEGAC_DFP/1.1.50/gcc/dev/atxmega384c3/avrxmega6/crtatxmega384c3.o
 *(.init2)
 *(.init3)
 *(.init3)
 *(.init4)
 .init4         0x00000332       0x1a c:/program files (x86)/atmel/studio/7.0/toolchain/avr8/avr8-gnu-toolchain/bin/../lib/gcc/avr/5.4.0/avrxmega6\libgcc.a(_copy_data.o)
                0x00000332                __do_copy_data
 .init4         0x0000034c       0x10 c:/program files (x86)/atmel/studio/7.0/toolchain/avr8/avr8-gnu-toolchain/bin/../lib/gcc/avr/5.4.0/avrxmega6\libgcc.a(_clear_bss.o)
                0x0000034c                __do_clear_bss
 *(.init4)
 *(.init5)
 *(.init5)
 *(.init6)
 *(.init6)
 *(.init7)
 *(.init7)
 *(.init8)
 *(.init8)
 *(.init9)
 .init9         0x0000035c        0x8 C:/Program Files (x86)/Atmel/Studio/7.0/Packs/atmel/XMEGAC_DFP/1.1.50/gcc/dev/atxmega384c3/avrxmega6/crtatxmega384c3.o
 *(.init9)
 *(.text)
 .text          0x00000364        0x4 C:/Program Files (x86)/Atmel/Studio/7.0/Packs/atmel/XMEGAC_DFP/1.1.50/gcc/dev/atxmega384c3/avrxmega6/crtatxmega384c3.o
                0x00000364                __vector_38
                0x00000364                __vector_104
                0x00000364                __vector_22
                0x00000364                __vector_63
                0x00000364                __vector_28
                0x00000364                __vector_67
                0x00000364                __vector_1
                0x00000364                __vector_119
                0x00000364                __vector_32
                0x00000364                __vector_75
                0x00000364                __vector_71
                0x00000364                __vector_91
                0x00000364                __vector_34
                0x00000364                __vector_62
                0x00000364                __vector_77
                0x00000364                __vector_102
                0x00000364                __vector_24
                0x00000364                __vector_12
                0x00000364                __vector_55
                0x00000364                __vector_69
                0x00000364                __vector_81
                0x00000364                __vector_90
                0x00000364                __bad_interrupt
                0x00000364                __vector_122
                0x00000364                __vector_72
                0x00000364                __vector_114
                0x00000364                __vector_6
                0x00000364                __vector_110
                0x00000364                __vector_31
                0x00000364                __vector_92
                0x00000364                __vector_35
                0x00000364                __vector_78
                0x00000364                __vector_74
                0x00000364                __vector_117
                0x00000364                __vector_39
                0x00000364                __vector_107
                0x00000364                __vector_3
                0x00000364                __vector_105
                0x00000364                __vector_98
                0x00000364                __vector_23
                0x00000364                __vector_68
                0x00000364                __vector_30
                0x00000364                __vector_73
                0x00000364                __vector_45
                0x00000364                __vector_25
                0x00000364                __vector_93
                0x00000364                __vector_61
                0x00000364                __vector_11
                0x00000364                __vector_54
                0x00000364                __vector_99
                0x00000364                __vector_13
                0x00000364                __vector_17
                0x00000364                __vector_19
                0x00000364                __vector_56
                0x00000364                __vector_7
                0x00000364                __vector_125
                0x00000364                __vector_49
                0x00000364                __vector_123
                0x00000364                __vector_41
                0x00000364                __vector_86
                0x00000364                __vector_100
                0x00000364                __vector_101
                0x00000364                __vector_64
                0x00000364                __vector_88
                0x00000364                __vector_109
                0x00000364                __vector_43
                0x00000364                __vector_27
                0x00000364                __vector_5
                0x00000364                __vector_113
                0x00000364                __vector_33
                0x00000364                __vector_76
                0x00000364                __vector_115
                0x00000364                __vector_47
                0x00000364                __vector_52
                0x00000364                __vector_37
                0x00000364                __vector_95
                0x00000364                __vector_103
                0x00000364                __vector_96
                0x00000364                __vector_89
                0x00000364                __vector_108
                0x00000364                __vector_4
                0x00000364                __vector_44
                0x00000364                __vector_82
                0x00000364                __vector_106
                0x00000364                __vector_118
                0x00000364                __vector_51
                0x00000364                __vector_9
                0x00000364                __vector_2
                0x00000364                __vector_21
                0x00000364                __vector_15
                0x00000364                __vector_66
                0x00000364                __vector_36
                0x00000364                __vector_79
                0x00000364                __vector_70
                0x00000364                __vector_83
                0x00000364                __vector_29
                0x00000364                __vector_121
                0x00000364                __vector_40
                0x00000364                __vector_85
                0x00000364                __vector_94
                0x00000364                __vector_126
                0x00000364                __vector_8
                0x00000364                __vector_26
                0x00000364                __vector_48
                0x00000364                __vector_124
                0x00000364                __vector_116
                0x00000364                __vector_112
                0x00000364                __vector_111
                0x00000364                __vector_80
                0x00000364                __vector_84
                0x00000364                __vector_57
                0x00000364                __vector_53
                0x00000364                __vector_10
                0x00000364                __vector_50
                0x00000364                __vector_16
                0x00000364                __vector_59
                0x00000364                __vector_18
                0x00000364                __vector_97
                0x00000364                __vector_42
                0x00000364                __vector_87
                0x00000364                __vector_65
                0x00000364                __vector_120
 .text          0x00000368       0x92 Drivers/Drivepl9823Bitbang.o
                0x00000368                DriverPL9823BitbangSet
                0x000003fa                . = ALIGN (0x2)
 *(.text.*)
 .text.DriverAdcInit
                0x000003fa        0x2 Drivers/DriverAdc.o
                0x000003fa                DriverAdcInit
 .text.DriverCursorstickInit
                0x000003fc        0x2 Drivers/DriverCursorstick.o
                0x000003fc                DriverCursorstickInit
 .text.DbgPrint
                0x000003fe       0x3c Drivers/DriverDbgUSART.o
                0x000003fe                DbgPrint
 .text.DriverLedInit
                0x0000043a       0x1c Drivers/DriverLed.o
                0x0000043a                DriverLedInit
 .text.DriverLedWrite
                0x00000456       0x12 Drivers/DriverLed.o
                0x00000456                DriverLedWrite
 .text.DriverPL9823Init
                0x00000468       0x16 Drivers/Driverpl9823Bitbang.o
                0x00000468                DriverPL9823Init
 .text.DriverPL9823Set
                0x0000047e       0x3e Drivers/Driverpl9823Bitbang.o
                0x0000047e                DriverPL9823Set
 .text.DriverSysClkXtalInit
                0x000004bc       0x36 Drivers/DriverSysClk.o
                0x000004bc                DriverSysClkXtalInit
 .text.DriverTWIMInit
                0x000004f2       0x20 Drivers/DriverTWIMaster.o
                0x000004f2                DriverTWIMInit
 .text.TWIMWriteHandler
                0x00000512       0x5a Drivers/DriverTWIMaster.o
                0x00000512                TWIMWriteHandler
 .text.TWIMReadHandler
                0x0000056c       0x5e Drivers/DriverTWIMaster.o
                0x0000056c                TWIMReadHandler
 .text.__vector_46
                0x000005ca       0x82 Drivers/DriverTWIMaster.o
                0x000005ca                __vector_46
 .text.stdio_getchar
                0x0000064c       0x2c Drivers/DriverUSART.o
 .text.stdio_putchar
                0x00000678       0x48 Drivers/DriverUSART.o
 .text.DriverUSARTInit
                0x000006c0       0x5a Drivers/DriverUSART.o
                0x000006c0                DriverUSARTInit
 .text.__vector_58
                0x0000071a       0x62 Drivers/DriverUSART.o
                0x0000071a                __vector_58
 .text.__vector_60
                0x0000077c       0x60 Drivers/DriverUSART.o
                0x0000077c                __vector_60
 .text.pvPortMalloc
                0x000007dc      0x13e heap_2.o
                0x000007dc                pvPortMalloc
 .text.vPortFree
                0x0000091a       0x56 heap_2.o
                0x0000091a                vPortFree
 .text.vListInitialise
                0x00000970       0x1c list.o
                0x00000970                vListInitialise
 .text.vListInitialiseItem
                0x0000098c        0x8 list.o
                0x0000098c                vListInitialiseItem
 .text.vListInsertEnd
                0x00000994       0x42 list.o
                0x00000994                vListInsertEnd
 .text.vListInsert
                0x000009d6       0x62 list.o
                0x000009d6                vListInsert
 .text.uxListRemove
                0x00000a38       0x4c list.o
                0x00000a38                uxListRemove
 .text.pxPortInitialiseStack
                0x00000a84       0xdc port.o
                0x00000a84                pxPortInitialiseStack
 .text.xPortStartScheduler
                0x00000b60       0x6c port.o
                0x00000b60                xPortStartScheduler
 .text.vPortYield
                0x00000bcc       0xb2 port.o
                0x00000bcc                vPortYield
 .text.__vector_14
                0x00000c7e       0xe6 port.o
                0x00000c7e                __vector_14
 .text.vConfigureTimerForRunTimeStats
                0x00000d64        0x2 port.o
                0x00000d64                vConfigureTimerForRunTimeStats
 .text.__vector_20
                0x00000d66       0x14 port.o
                0x00000d66                __vector_20
 .text.prvCopyDataToQueue
                0x00000d7a       0xb4 queue.o
 .text.prvCopyDataFromQueue
                0x00000e2e       0x30 queue.o
 .text.prvUnlockQueue
                0x00000e5e       0xa6 queue.o
 .text.xQueueGenericReset
                0x00000f04       0x9a queue.o
                0x00000f04                xQueueGenericReset
 .text.xQueueGenericCreate
                0x00000f9e       0x88 queue.o
                0x00000f9e                xQueueGenericCreate
 .text.xQueueGenericSend
                0x00001026      0x19e queue.o
                0x00001026                xQueueGenericSend
 .text.xQueueGenericSendFromISR
                0x000011c4       0xb6 queue.o
                0x000011c4                xQueueGenericSendFromISR
 .text.xQueueReceive
                0x0000127a      0x17a queue.o
                0x0000127a                xQueueReceive
 .text.xQueueReceiveFromISR
                0x000013f4       0x96 queue.o
                0x000013f4                xQueueReceiveFromISR
 .text.prvIdleTask
                0x0000148a       0x5c tasks.o
 .text.prvWriteNameToBuffer
                0x000014e6       0x46 tasks.o
 .text.prvResetNextTaskUnblockTime.part.0
                0x0000152c       0x22 tasks.o
 .text.prvAddCurrentTaskToDelayedList
                0x0000154e       0xb8 tasks.o
 .text.vTaskSwitchContext.part.5
                0x00001606      0x184 tasks.o
 .text.xTaskCreate
                0x0000178a      0x26c tasks.o
                0x0000178a                xTaskCreate
 .text.eTaskGetState
                0x000019f6       0x98 tasks.o
                0x000019f6                eTaskGetState
 .text.vTaskStartScheduler
                0x00001a8e       0x6e tasks.o
                0x00001a8e                vTaskStartScheduler
 .text.vTaskSuspendAll
                0x00001afc        0xc tasks.o
                0x00001afc                vTaskSuspendAll
 .text.xTaskIncrementTick
                0x00001b08      0x1b4 tasks.o
                0x00001b08                xTaskIncrementTick
 .text.xTaskResumeAll
                0x00001cbc      0x11e tasks.o
                0x00001cbc                xTaskResumeAll
 .text.vTaskDelayUntil
                0x00001dda       0xac tasks.o
                0x00001dda                vTaskDelayUntil
 .text.vTaskSwitchContext
                0x00001e86       0x14 tasks.o
                0x00001e86                vTaskSwitchContext
 .text.vTaskPlaceOnEventList
                0x00001e9a       0x40 tasks.o
                0x00001e9a                vTaskPlaceOnEventList
 .text.xTaskRemoveFromEventList
                0x00001eda       0xae tasks.o
                0x00001eda                xTaskRemoveFromEventList
 .text.vTaskInternalSetTimeOutState
                0x00001f88       0x16 tasks.o
                0x00001f88                vTaskInternalSetTimeOutState
 .text.xTaskCheckForTimeOut
                0x00001f9e       0xae tasks.o
                0x00001f9e                xTaskCheckForTimeOut
 .text.vTaskMissedYield
                0x0000204c        0x8 tasks.o
                0x0000204c                vTaskMissedYield
 .text.vTaskGetInfo
                0x00002054       0xfc tasks.o
                0x00002054                vTaskGetInfo
 .text.prvListTasksWithinSingleList.part.6
                0x00002150       0xc4 tasks.o
 .text.uxTaskGetSystemState
                0x00002214      0x16e tasks.o
                0x00002214                uxTaskGetSystemState
 .text.xTaskPriorityDisinherit
                0x00002382       0xae tasks.o
                0x00002382                xTaskPriorityDisinherit
 .text.vTaskGetRunTimeStats
                0x00002430      0x16c tasks.o
                0x00002430                vTaskGetRunTimeStats
 .text.vApplicationIdleHook
                0x0000259c        0x2 hooks.o
                0x0000259c                vApplicationIdleHook
 .text.vApplicationMallocFailedHook
                0x0000259e       0x3e hooks.o
                0x0000259e                vApplicationMallocFailedHook
 .text.vApplicationStackOverflowHook
                0x000025dc       0x70 hooks.o
                0x000025dc                vApplicationStackOverflowHook
 .text.vAssertCalled
                0x0000264c       0x74 hooks.o
                0x0000264c                vAssertCalled
 .text.startup.main
                0x000026c0       0x56 main.o
                0x000026c0                main
 .text.WorkerLooplicht
                0x00002716      0x192 Tasks/LooplichtTask.o
 .text.InitLooplichtTask
                0x000028a8       0x28 Tasks/LooplichtTask.o
                0x000028a8                InitLooplichtTask
 .text.WorkerRGBLED
                0x000028d0       0x32 Tasks/RGBLedTask.o
 .text.InitRGBLEDTask
                0x00002902       0x28 Tasks/RGBLedTask.o
                0x00002902                InitRGBLEDTask
 .text.WorkerTerminal
                0x0000292a       0x7c Tasks/TerminalTask.o
 .text.InitTerminalTask
                0x000029a6       0x28 Tasks/TerminalTask.o
                0x000029a6                InitTerminalTask
 .text.DriverPowerInit
                0x000029ce        0x8 ../Drivers\libDriverPower.a(DriverPower.o)
                0x000029ce                DriverPowerInit
 .text.DriverPowerVccAuxSet
                0x000029d6       0x14 ../Drivers\libDriverPower.a(DriverPower.o)
                0x000029d6                DriverPowerVccAuxSet
 .text.avr-libc
                0x000029ea      0x740 c:/program files (x86)/atmel/studio/7.0/toolchain/avr8/avr8-gnu-toolchain/bin/../lib/gcc/avr/5.4.0/../../../../avr/lib/avrxmega6\libprintf_flt.a(vfprintf_flt.o)
                0x000029ea                vfprintf
 .text.libgcc.div
                0x0000312a       0x44 c:/program files (x86)/atmel/studio/7.0/toolchain/avr8/avr8-gnu-toolchain/bin/../lib/gcc/avr/5.4.0/avrxmega6\libgcc.a(_udivmodsi4.o)
                0x0000312a                __udivmodsi4
 .text.avr-libc
                0x0000316e      0x1b0 c:/program files (x86)/atmel/studio/7.0/toolchain/avr8/avr8-gnu-toolchain/bin/../lib/gcc/avr/5.4.0/../../../../avr/lib/avrxmega6\libc.a(ftoa_engine.o)
                0x0000316e                __ftoa_engine
 .text.avr-libc
                0x0000331e       0x16 c:/program files (x86)/atmel/studio/7.0/toolchain/avr8/avr8-gnu-toolchain/bin/../lib/gcc/avr/5.4.0/../../../../avr/lib/avrxmega6\libc.a(strnlen_P.o)
                0x0000331e                strnlen_P
 .text.avr-libc
                0x00003334       0x12 c:/program files (x86)/atmel/studio/7.0/toolchain/avr8/avr8-gnu-toolchain/bin/../lib/gcc/avr/5.4.0/../../../../avr/lib/avrxmega6\libc.a(memcpy.o)
                0x00003334                memcpy
 .text.avr-libc
                0x00003346        0xe c:/program files (x86)/atmel/studio/7.0/toolchain/avr8/avr8-gnu-toolchain/bin/../lib/gcc/avr/5.4.0/../../../../avr/lib/avrxmega6\libc.a(memset.o)
                0x00003346                memset
 .text.avr-libc
                0x00003354       0x12 c:/program files (x86)/atmel/studio/7.0/toolchain/avr8/avr8-gnu-toolchain/bin/../lib/gcc/avr/5.4.0/../../../../avr/lib/avrxmega6\libc.a(strcmp.o)
                0x00003354                strcmp
 .text.avr-libc
                0x00003366        0xe c:/program files (x86)/atmel/studio/7.0/toolchain/avr8/avr8-gnu-toolchain/bin/../lib/gcc/avr/5.4.0/../../../../avr/lib/avrxmega6\libc.a(strcpy.o)
                0x00003366                strcpy
 .text.avr-libc
                0x00003374       0x16 c:/program files (x86)/atmel/studio/7.0/toolchain/avr8/avr8-gnu-toolchain/bin/../lib/gcc/avr/5.4.0/../../../../avr/lib/avrxmega6\libc.a(strnlen.o)
                0x00003374                strnlen
 .text.avr-libc
                0x0000338a       0x78 c:/program files (x86)/atmel/studio/7.0/toolchain/avr8/avr8-gnu-toolchain/bin/../lib/gcc/avr/5.4.0/../../../../avr/lib/avrxmega6\libc.a(fputc.o)
                0x0000338a                fputc
 .text.avr-libc
                0x00003402       0x28 c:/program files (x86)/atmel/studio/7.0/toolchain/avr8/avr8-gnu-toolchain/bin/../lib/gcc/avr/5.4.0/../../../../avr/lib/avrxmega6\libc.a(printf.o)
                0x00003402                printf
 .text.avr-libc
                0x0000342a       0x60 c:/program files (x86)/atmel/studio/7.0/toolchain/avr8/avr8-gnu-toolchain/bin/../lib/gcc/avr/5.4.0/../../../../avr/lib/avrxmega6\libc.a(puts.o)
                0x0000342a                puts
 .text.avr-libc
                0x0000348a       0x28 c:/program files (x86)/atmel/studio/7.0/toolchain/avr8/avr8-gnu-toolchain/bin/../lib/gcc/avr/5.4.0/../../../../avr/lib/avrxmega6\libc.a(scanf.o)
                0x0000348a                scanf
 .text.avr-libc
                0x000034b2       0x6e c:/program files (x86)/atmel/studio/7.0/toolchain/avr8/avr8-gnu-toolchain/bin/../lib/gcc/avr/5.4.0/../../../../avr/lib/avrxmega6\libc.a(snprintf.o)
                0x000034b2                snprintf
 .text.avr-libc
                0x00003520       0x52 c:/program files (x86)/atmel/studio/7.0/toolchain/avr8/avr8-gnu-toolchain/bin/../lib/gcc/avr/5.4.0/../../../../avr/lib/avrxmega6\libc.a(sprintf.o)
                0x00003520                sprintf
 .text.avr-libc
                0x00003572       0xbc c:/program files (x86)/atmel/studio/7.0/toolchain/avr8/avr8-gnu-toolchain/bin/../lib/gcc/avr/5.4.0/../../../../avr/lib/avrxmega6\libc.a(ultoa_invert.o)
                0x00003572                __ultoa_invert
 .text.avr-libc
                0x0000362e      0x5bc c:/program files (x86)/atmel/studio/7.0/toolchain/avr8/avr8-gnu-toolchain/bin/../lib/gcc/avr/5.4.0/../../../../avr/lib/avrxmega6\libc.a(vfscanf_std.o)
                0x000039a0                vfscanf
 .text.avr-libc
                0x00003bea       0x12 c:/program files (x86)/atmel/studio/7.0/toolchain/avr8/avr8-gnu-toolchain/bin/../lib/gcc/avr/5.4.0/../../../../avr/lib/avrxmega6\libc.a(isspace.o)
                0x00003bea                isspace
 .text.avr-libc
                0x00003bfc       0x16 c:/program files (x86)/atmel/studio/7.0/toolchain/avr8/avr8-gnu-toolchain/bin/../lib/gcc/avr/5.4.0/../../../../avr/lib/avrxmega6\libc.a(strchr_P.o)
                0x00003bfc                strchr_P
 .text.avr-libc
                0x00003c12       0x7c c:/program files (x86)/atmel/studio/7.0/toolchain/avr8/avr8-gnu-toolchain/bin/../lib/gcc/avr/5.4.0/../../../../avr/lib/avrxmega6\libc.a(fgetc.o)
                0x00003c12                fgetc
 .text.avr-libc
                0x00003c8e       0x32 c:/program files (x86)/atmel/studio/7.0/toolchain/avr8/avr8-gnu-toolchain/bin/../lib/gcc/avr/5.4.0/../../../../avr/lib/avrxmega6\libc.a(ungetc.o)
                0x00003c8e                ungetc
 .text.avr-libc
                0x00003cc0        0x6 c:/program files (x86)/atmel/studio/7.0/toolchain/avr8/avr8-gnu-toolchain/bin/../lib/gcc/avr/5.4.0/../../../../avr/lib/avrxmega6\libc.a(cty_isfalse.o)
                0x00003cc0                __ctype_isfalse
                0x00003cc4                __ctype_istrue
                0x00003cc6                . = ALIGN (0x2)
 *(.fini9)
 .fini9         0x00003cc6        0x0 c:/program files (x86)/atmel/studio/7.0/toolchain/avr8/avr8-gnu-toolchain/bin/../lib/gcc/avr/5.4.0/avrxmega6\libgcc.a(_exit.o)
                0x00003cc6                _exit
                0x00003cc6                exit
 *(.fini9)
 *(.fini8)
 *(.fini8)
 *(.fini7)
 *(.fini7)
 *(.fini6)
 *(.fini6)
 *(.fini5)
 *(.fini5)
 *(.fini4)
 *(.fini4)
 *(.fini3)
 *(.fini3)
 *(.fini2)
 *(.fini2)
 *(.fini1)
 *(.fini1)
 *(.fini0)
 .fini0         0x00003cc6        0x4 c:/program files (x86)/atmel/studio/7.0/toolchain/avr8/avr8-gnu-toolchain/bin/../lib/gcc/avr/5.4.0/avrxmega6\libgcc.a(_exit.o)
 *(.fini0)
                0x00003cca                _etext = .

.data           0x00802000      0x138 load address 0x00003cca
                0x00802000                PROVIDE (__data_start, .)
 *(.data)
 *(.data*)
 .data.UsartStdio
                0x00802000        0xe Drivers/DriverUSART.o
 .data.xFreeBytesRemaining
                0x0080200e        0x2 heap_2.o
 .data.t_interval
                0x00802010        0x4 Tasks/LooplichtTask.o
                0x00802010                t_interval
 .data.xTimeIncrement
                0x00802014        0x2 Tasks/LooplichtTask.o
                0x00802014                xTimeIncrement
 .data.LedData  0x00802016        0x1 Tasks/LooplichtTask.o
                0x00802016                LedData
 .data.RichtingInt
                0x00802017        0x2 Tasks/LooplichtTask.o
                0x00802017                RichtingInt
 .data.RichtingString
                0x00802019       0x10 Tasks/LooplichtTask.o
                0x00802019                RichtingString
 *(.gnu.linkonce.d*)
 *(.rodata)
 *(.rodata*)
 .rodata.str1.1
                0x00802029       0x14 queue.o
 .rodata.str1.1
                0x0080203d       0x43 tasks.o
 .rodata.str1.1
                0x00802080       0x5e hooks.o
 .rodata.str1.1
                0x008020de       0x26 Tasks/LooplichtTask.o
 .rodata.str1.1
                0x00802104        0x7 Tasks/RGBLedTask.o
 .rodata.str1.1
                0x0080210b       0x2d Tasks/TerminalTask.o
 *(.gnu.linkonce.r*)
                0x00802138                . = ALIGN (0x2)
                0x00802138                _edata = .
                0x00802138                PROVIDE (__data_end, .)

.bss            0x00802138     0x42ad
                0x00802138                PROVIDE (__bss_start, .)
 *(.bss)
 .bss           0x00802138        0xc Drivers/Drivepl9823Bitbang.o
 *(.bss*)
 .bss.Twim_status
                0x00802144        0x1 Drivers/DriverTWIMaster.o
 .bss.Twim_bytesRead
                0x00802145        0x1 Drivers/DriverTWIMaster.o
 .bss.Twim_bytesWritten
                0x00802146        0x1 Drivers/DriverTWIMaster.o
 .bss.Twim_bytesToRead
                0x00802147        0x1 Drivers/DriverTWIMaster.o
 .bss.Twim_bytesToWrite
                0x00802148        0x1 Drivers/DriverTWIMaster.o
 .bss.Twim_readData
                0x00802149        0x2 Drivers/DriverTWIMaster.o
 .bss.Twim_writeData
                0x0080214b        0x2 Drivers/DriverTWIMaster.o
 .bss.Twim_address
                0x0080214d        0x1 Drivers/DriverTWIMaster.o
 .bss.xHeapHasBeenInitialised.4117
                0x0080214e        0x1 heap_2.o
 .bss.xEnd      0x0080214f        0x4 heap_2.o
 .bss.xStart    0x00802153        0x4 heap_2.o
 .bss.ucHeap    0x00802157     0x4000 heap_2.o
 .bss.ulTaskSwitchedInTime
                0x00806157        0x4 tasks.o
 .bss.uxSchedulerSuspended
                0x0080615b        0x1 tasks.o
 .bss.xIdleTaskHandle
                0x0080615c        0x2 tasks.o
 .bss.xNextTaskUnblockTime
                0x0080615e        0x2 tasks.o
 .bss.uxTaskNumber
                0x00806160        0x1 tasks.o
 .bss.xNumOfOverflows
                0x00806161        0x1 tasks.o
 .bss.xYieldPending
                0x00806162        0x1 tasks.o
 .bss.uxPendedTicks
                0x00806163        0x1 tasks.o
 .bss.xSchedulerRunning
                0x00806164        0x1 tasks.o
 .bss.uxTopReadyPriority
                0x00806165        0x1 tasks.o
 .bss.xTickCount
                0x00806166        0x2 tasks.o
 .bss.uxCurrentNumberOfTasks
                0x00806168        0x1 tasks.o
 .bss.xSuspendedTaskList
                0x00806169        0x9 tasks.o
 .bss.uxDeletedTasksWaitingCleanUp
                0x00806172        0x1 tasks.o
 .bss.xTasksWaitingTermination
                0x00806173        0x9 tasks.o
 .bss.xPendingReadyList
                0x0080617c        0x9 tasks.o
 .bss.pxOverflowDelayedTaskList
                0x00806185        0x2 tasks.o
 .bss.pxDelayedTaskList
                0x00806187        0x2 tasks.o
 .bss.xDelayedTaskList2
                0x00806189        0x9 tasks.o
 .bss.xDelayedTaskList1
                0x00806192        0x9 tasks.o
 .bss.pxReadyTasksLists
                0x0080619b       0x24 tasks.o
 .bss.pxCurrentTCB
                0x008061bf        0x2 tasks.o
                0x008061bf                pxCurrentTCB
 .bss.max_jiter
                0x008061c1        0x4 Tasks/LooplichtTask.o
                0x008061c1                max_jiter
 .bss.Buffer    0x008061c5      0x200 Tasks/TerminalTask.o
 *(COMMON)
 COMMON         0x008063c5        0x4 Drivers/DriverUSART.o
                0x008063c5                FifoReceive
                0x008063c7                FifoTransmit
 COMMON         0x008063c9        0x4 port.o
                0x008063c9                StatsTimer
 COMMON         0x008063cd       0x12 Tasks/LooplichtTask.o
                0x008063cd                t_nu
                0x008063d1                jiter
                0x008063d5                t_vorige
                0x008063d9                teller
                0x008063dd                pxPreviousWakeTime
 COMMON         0x008063df        0x6 c:/program files (x86)/atmel/studio/7.0/toolchain/avr8/avr8-gnu-toolchain/bin/../lib/gcc/avr/5.4.0/../../../../avr/lib/avrxmega6\libc.a(iob.o)
                0x008063df                __iob
                0x008063e5                PROVIDE (__bss_end, .)
                0x00003cca                __data_load_start = LOADADDR (.data)
                0x00003e02                __data_load_end = (__data_load_start + SIZEOF (.data))

.noinit         0x008063e5        0x0
                [!provide]                PROVIDE (__noinit_start, .)
 *(.noinit*)
                [!provide]                PROVIDE (__noinit_end, .)
                0x008063e5                _end = .
                [!provide]                PROVIDE (__heap_start, .)

.eeprom         0x00810000        0x0
 *(.eeprom*)
                0x00810000                __eeprom_end = .

.fuse
 *(.fuse)
 *(.lfuse)
 *(.hfuse)
 *(.efuse)

.lock
 *(.lock*)

.signature
 *(.signature*)

.user_signatures
 *(.user_signatures*)

.stab
 *(.stab)

.stabstr
 *(.stabstr)

.stab.excl
 *(.stab.excl)

.stab.exclstr
 *(.stab.exclstr)

.stab.index
 *(.stab.index)

.stab.indexstr
 *(.stab.indexstr)

.comment        0x00000000       0x8c
 *(.comment)
 .comment       0x00000000       0x30 Drivers/DriverAdc.o
                                 0x31 (size before relaxing)
 .comment       0x00000030       0x31 Drivers/DriverCursorstick.o
 .comment       0x00000030       0x31 Drivers/DriverDbgUSART.o
 .comment       0x00000030       0x31 Drivers/DriverLed.o
 .comment       0x00000030       0x31 Drivers/Driverpl9823Bitbang.o
 .comment       0x00000030       0x31 Drivers/DriverSysClk.o
 .comment       0x00000030       0x31 Drivers/DriverTWIMaster.o
 .comment       0x00000030       0x31 Drivers/DriverUSART.o
 .comment       0x00000030       0x31 heap_2.o
 .comment       0x00000030       0x31 list.o
 .comment       0x00000030       0x31 port.o
 .comment       0x00000030       0x31 queue.o
 .comment       0x00000030       0x31 tasks.o
 .comment       0x00000030       0x31 hooks.o
 .comment       0x00000030       0x31 main.o
 .comment       0x00000030       0x31 Tasks/LooplichtTask.o
 .comment       0x00000030       0x31 Tasks/RGBLedTask.o
 .comment       0x00000030       0x31 Tasks/TerminalTask.o
 .comment       0x00000030       0x30 ../Drivers\libDriverPower.a(DriverPower.o)
                                 0x31 (size before relaxing)
 .comment       0x00000060       0x2c c:/program files (x86)/atmel/studio/7.0/toolchain/avr8/avr8-gnu-toolchain/bin/../lib/gcc/avr/5.4.0/../../../../avr/lib/avrxmega6\libprintf_flt.a(vfprintf_flt.o)
                                 0x2d (size before relaxing)
 .comment       0x0000008c       0x31 c:/program files (x86)/atmel/studio/7.0/toolchain/avr8/avr8-gnu-toolchain/bin/../lib/gcc/avr/5.4.0/../../../../avr/lib/avrxmega6\libc.a(fputc.o)
 .comment       0x0000008c       0x31 c:/program files (x86)/atmel/studio/7.0/toolchain/avr8/avr8-gnu-toolchain/bin/../lib/gcc/avr/5.4.0/../../../../avr/lib/avrxmega6\libc.a(iob.o)
 .comment       0x0000008c       0x31 c:/program files (x86)/atmel/studio/7.0/toolchain/avr8/avr8-gnu-toolchain/bin/../lib/gcc/avr/5.4.0/../../../../avr/lib/avrxmega6\libc.a(printf.o)
 .comment       0x0000008c       0x31 c:/program files (x86)/atmel/studio/7.0/toolchain/avr8/avr8-gnu-toolchain/bin/../lib/gcc/avr/5.4.0/../../../../avr/lib/avrxmega6\libc.a(puts.o)
 .comment       0x0000008c       0x31 c:/program files (x86)/atmel/studio/7.0/toolchain/avr8/avr8-gnu-toolchain/bin/../lib/gcc/avr/5.4.0/../../../../avr/lib/avrxmega6\libc.a(scanf.o)
 .comment       0x0000008c       0x31 c:/program files (x86)/atmel/studio/7.0/toolchain/avr8/avr8-gnu-toolchain/bin/../lib/gcc/avr/5.4.0/../../../../avr/lib/avrxmega6\libc.a(snprintf.o)
 .comment       0x0000008c       0x31 c:/program files (x86)/atmel/studio/7.0/toolchain/avr8/avr8-gnu-toolchain/bin/../lib/gcc/avr/5.4.0/../../../../avr/lib/avrxmega6\libc.a(sprintf.o)
 .comment       0x0000008c       0x2d c:/program files (x86)/atmel/studio/7.0/toolchain/avr8/avr8-gnu-toolchain/bin/../lib/gcc/avr/5.4.0/../../../../avr/lib/avrxmega6\libc.a(vfscanf_std.o)
 .comment       0x0000008c       0x31 c:/program files (x86)/atmel/studio/7.0/toolchain/avr8/avr8-gnu-toolchain/bin/../lib/gcc/avr/5.4.0/../../../../avr/lib/avrxmega6\libc.a(fgetc.o)
 .comment       0x0000008c       0x31 c:/program files (x86)/atmel/studio/7.0/toolchain/avr8/avr8-gnu-toolchain/bin/../lib/gcc/avr/5.4.0/../../../../avr/lib/avrxmega6\libc.a(ungetc.o)

.note.gnu.avr.deviceinfo
                0x00000000       0x40
 .note.gnu.avr.deviceinfo
                0x00000000       0x40 C:/Program Files (x86)/Atmel/Studio/7.0/Packs/atmel/XMEGAC_DFP/1.1.50/gcc/dev/atxmega384c3/avrxmega6/crtatxmega384c3.o

.note.gnu.build-id
 *(.note.gnu.build-id)

.debug
 *(.debug)

.line
 *(.line)

.debug_srcinfo
 *(.debug_srcinfo)

.debug_sfnames
 *(.debug_sfnames)

.debug_aranges  0x00000000      0x610
 *(.debug_aranges)
 .debug_aranges
                0x00000000       0x20 Drivers/Drivepl9823Bitbang.o
 .debug_aranges
                0x00000020       0x28 Drivers/DriverAdc.o
 .debug_aranges
                0x00000048       0x28 Drivers/DriverCursorstick.o
 .debug_aranges
                0x00000070       0x20 Drivers/DriverDbgUSART.o
 .debug_aranges
                0x00000090       0x30 Drivers/DriverLed.o
 .debug_aranges
                0x000000c0       0x28 Drivers/Driverpl9823Bitbang.o
 .debug_aranges
                0x000000e8       0x20 Drivers/DriverSysClk.o
 .debug_aranges
                0x00000108       0x60 Drivers/DriverTWIMaster.o
 .debug_aranges
                0x00000168       0x40 Drivers/DriverUSART.o
 .debug_aranges
                0x000001a8       0x38 heap_2.o
 .debug_aranges
                0x000001e0       0x40 list.o
 .debug_aranges
                0x00000220       0x50 port.o
 .debug_aranges
                0x00000270       0xf0 queue.o
 .debug_aranges
                0x00000360      0x1b8 tasks.o
 .debug_aranges
                0x00000518       0x38 hooks.o
 .debug_aranges
                0x00000550       0x20 main.o
 .debug_aranges
                0x00000570       0x28 Tasks/LooplichtTask.o
 .debug_aranges
                0x00000598       0x28 Tasks/RGBLedTask.o
 .debug_aranges
                0x000005c0       0x28 Tasks/TerminalTask.o
 .debug_aranges
                0x000005e8       0x28 ../Drivers\libDriverPower.a(DriverPower.o)

.debug_pubnames
 *(.debug_pubnames)

.debug_info     0x00000000     0xbc94
 *(.debug_info .gnu.linkonce.wi.*)
 .debug_info    0x00000000     0x2a76 C:/Program Files (x86)/Atmel/Studio/7.0/Packs/atmel/XMEGAC_DFP/1.1.50/gcc/dev/atxmega384c3/avrxmega6/crtatxmega384c3.o
 .debug_info    0x00002a76       0xda Drivers/Drivepl9823Bitbang.o
 .debug_info    0x00002b50       0xcc Drivers/DriverAdc.o
 .debug_info    0x00002c1c       0xa4 Drivers/DriverCursorstick.o
 .debug_info    0x00002cc0      0x174 Drivers/DriverDbgUSART.o
 .debug_info    0x00002e34      0x279 Drivers/DriverLed.o
 .debug_info    0x000030ad      0x2e0 Drivers/Driverpl9823Bitbang.o
 .debug_info    0x0000338d      0x1a9 Drivers/DriverSysClk.o
 .debug_info    0x00003536      0x895 Drivers/DriverTWIMaster.o
 .debug_info    0x00003dcb      0x615 Drivers/DriverUSART.o
 .debug_info    0x000043e0      0x36b heap_2.o
 .debug_info    0x0000474b      0x2d8 list.o
 .debug_info    0x00004a23      0x838 port.o
 .debug_info    0x0000525b     0x1f0e queue.o
 .debug_info    0x00007169     0x34a6 tasks.o
 .debug_info    0x0000a60f      0x517 hooks.o
 .debug_info    0x0000ab26      0x361 main.o
 .debug_info    0x0000ae87      0x81e Tasks/LooplichtTask.o
 .debug_info    0x0000b6a5      0x186 Tasks/RGBLedTask.o
 .debug_info    0x0000b82b      0x228 Tasks/TerminalTask.o
 .debug_info    0x0000ba53      0x241 ../Drivers\libDriverPower.a(DriverPower.o)

.debug_abbrev   0x00000000     0x437c
 *(.debug_abbrev)
 .debug_abbrev  0x00000000     0x2836 C:/Program Files (x86)/Atmel/Studio/7.0/Packs/atmel/XMEGAC_DFP/1.1.50/gcc/dev/atxmega384c3/avrxmega6/crtatxmega384c3.o
 .debug_abbrev  0x00002836       0x14 Drivers/Drivepl9823Bitbang.o
 .debug_abbrev  0x0000284a       0x89 Drivers/DriverAdc.o
 .debug_abbrev  0x000028d3       0x6b Drivers/DriverCursorstick.o
 .debug_abbrev  0x0000293e       0xac Drivers/DriverDbgUSART.o
 .debug_abbrev  0x000029ea       0xf4 Drivers/DriverLed.o
 .debug_abbrev  0x00002ade       0xe2 Drivers/Driverpl9823Bitbang.o
 .debug_abbrev  0x00002bc0       0x94 Drivers/DriverSysClk.o
 .debug_abbrev  0x00002c54      0x213 Drivers/DriverTWIMaster.o
 .debug_abbrev  0x00002e67      0x1fe Drivers/DriverUSART.o
 .debug_abbrev  0x00003065      0x1dc heap_2.o
 .debug_abbrev  0x00003241       0xff list.o
 .debug_abbrev  0x00003340      0x1d3 port.o
 .debug_abbrev  0x00003513      0x2fb queue.o
 .debug_abbrev  0x0000380e      0x495 tasks.o
 .debug_abbrev  0x00003ca3      0x1d7 hooks.o
 .debug_abbrev  0x00003e7a      0x137 main.o
 .debug_abbrev  0x00003fb1      0x157 Tasks/LooplichtTask.o
 .debug_abbrev  0x00004108       0xbf Tasks/RGBLedTask.o
 .debug_abbrev  0x000041c7       0xfc Tasks/TerminalTask.o
 .debug_abbrev  0x000042c3       0xb9 ../Drivers\libDriverPower.a(DriverPower.o)

.debug_line     0x00000000     0x4c3c
 *(.debug_line .debug_line.* .debug_line_end)
 .debug_line    0x00000000      0x39d C:/Program Files (x86)/Atmel/Studio/7.0/Packs/atmel/XMEGAC_DFP/1.1.50/gcc/dev/atxmega384c3/avrxmega6/crtatxmega384c3.o
 .debug_line    0x0000039d      0x1d9 Drivers/Drivepl9823Bitbang.o
 .debug_line    0x00000576       0xba Drivers/DriverAdc.o
 .debug_line    0x00000630       0xc2 Drivers/DriverCursorstick.o
 .debug_line    0x000006f2      0x15b Drivers/DriverDbgUSART.o
 .debug_line    0x0000084d      0x154 Drivers/DriverLed.o
 .debug_line    0x000009a1      0x14e Drivers/Driverpl9823Bitbang.o
 .debug_line    0x00000aef      0x145 Drivers/DriverSysClk.o
 .debug_line    0x00000c34      0x34b Drivers/DriverTWIMaster.o
 .debug_line    0x00000f7f      0x1fd Drivers/DriverUSART.o
 .debug_line    0x0000117c      0x2a1 heap_2.o
 .debug_line    0x0000141d      0x1d6 list.o
 .debug_line    0x000015f3      0x316 port.o
 .debug_line    0x00001909      0xf9e queue.o
 .debug_line    0x000028a7     0x18ac tasks.o
 .debug_line    0x00004153      0x2b7 hooks.o
 .debug_line    0x0000440a      0x2bc main.o
 .debug_line    0x000046c6      0x1df Tasks/LooplichtTask.o
 .debug_line    0x000048a5      0x121 Tasks/RGBLedTask.o
 .debug_line    0x000049c6      0x148 Tasks/TerminalTask.o
 .debug_line    0x00004b0e      0x12e ../Drivers\libDriverPower.a(DriverPower.o)

.debug_frame    0x00000000     0x128c
 *(.debug_frame)
 .debug_frame   0x00000000       0x34 Drivers/DriverAdc.o
 .debug_frame   0x00000034       0x34 Drivers/DriverCursorstick.o
 .debug_frame   0x00000068       0x24 Drivers/DriverDbgUSART.o
 .debug_frame   0x0000008c       0x64 Drivers/DriverLed.o
 .debug_frame   0x000000f0       0x6c Drivers/Driverpl9823Bitbang.o
 .debug_frame   0x0000015c       0x24 Drivers/DriverSysClk.o
 .debug_frame   0x00000180      0x104 Drivers/DriverTWIMaster.o
 .debug_frame   0x00000284      0x114 Drivers/DriverUSART.o
 .debug_frame   0x00000398       0x74 heap_2.o
 .debug_frame   0x0000040c       0x88 list.o
 .debug_frame   0x00000494       0xa0 port.o
 .debug_frame   0x00000534      0x3f8 queue.o
 .debug_frame   0x0000092c      0x78c tasks.o
 .debug_frame   0x000010b8       0x7c hooks.o
 .debug_frame   0x00001134       0x24 main.o
 .debug_frame   0x00001158       0x68 Tasks/LooplichtTask.o
 .debug_frame   0x000011c0       0x44 Tasks/RGBLedTask.o
 .debug_frame   0x00001204       0x54 Tasks/TerminalTask.o
 .debug_frame   0x00001258       0x34 ../Drivers\libDriverPower.a(DriverPower.o)

.debug_str      0x00000000     0x4016
 *(.debug_str)
 .debug_str     0x00000000     0x1be5 C:/Program Files (x86)/Atmel/Studio/7.0/Packs/atmel/XMEGAC_DFP/1.1.50/gcc/dev/atxmega384c3/avrxmega6/crtatxmega384c3.o
 .debug_str     0x00001be5      0x1d0 Drivers/DriverAdc.o
                                0x20c (size before relaxing)
 .debug_str     0x00001db5       0x4a Drivers/DriverCursorstick.o
                                0x20c (size before relaxing)
 .debug_str     0x00001dff       0x96 Drivers/DriverDbgUSART.o
                                0x270 (size before relaxing)
 .debug_str     0x00001e95      0x116 Drivers/DriverLed.o
                                0x2e4 (size before relaxing)
 .debug_str     0x00001fab       0x8a Drivers/Driverpl9823Bitbang.o
                                0x327 (size before relaxing)
 .debug_str     0x00002035       0x9e Drivers/DriverSysClk.o
                                0x288 (size before relaxing)
 .debug_str     0x000020d3      0x38f Drivers/DriverTWIMaster.o
                                0x68a (size before relaxing)
 .debug_str     0x00002462      0x145 Drivers/DriverUSART.o
                                0x447 (size before relaxing)
 .debug_str     0x000025a7      0x197 heap_2.o
                                0x37b (size before relaxing)
 .debug_str     0x0000273e      0x131 list.o
                                0x315 (size before relaxing)
 .debug_str     0x0000286f      0x3b7 port.o
                                0x5db (size before relaxing)
 .debug_str     0x00002c26      0x643 queue.o
                                0x9e4 (size before relaxing)
 .debug_str     0x00003269      0xb3a tasks.o
                               0x13c8 (size before relaxing)
 .debug_str     0x00003da3       0x62 hooks.o
                                0x3a1 (size before relaxing)
 .debug_str     0x00003e05      0x100 main.o
                                0x3ed (size before relaxing)
 .debug_str     0x00003f05       0x6e Tasks/LooplichtTask.o
                                0x595 (size before relaxing)
 .debug_str     0x00003f73       0x23 Tasks/RGBLedTask.o
                                0x22f (size before relaxing)
 .debug_str     0x00003f96       0x39 Tasks/TerminalTask.o
                                0x265 (size before relaxing)
 .debug_str     0x00003fcf       0x47 ../Drivers\libDriverPower.a(DriverPower.o)
                                0x276 (size before relaxing)

.debug_loc      0x00000000     0x7b68
 *(.debug_loc)
 .debug_loc     0x00000000       0x21 Drivers/DriverAdc.o
 .debug_loc     0x00000021       0x42 Drivers/DriverDbgUSART.o
 .debug_loc     0x00000063       0x32 Drivers/DriverLed.o
 .debug_loc     0x00000095      0x154 Drivers/Driverpl9823Bitbang.o
 .debug_loc     0x000001e9      0x3d6 Drivers/DriverTWIMaster.o
 .debug_loc     0x000005bf      0x2b4 Drivers/DriverUSART.o
 .debug_loc     0x00000873      0x2ee heap_2.o
 .debug_loc     0x00000b61      0x151 list.o
 .debug_loc     0x00000cb2      0x2bc port.o
 .debug_loc     0x00000f6e     0x2be0 queue.o
 .debug_loc     0x00003b4e     0x3bc4 tasks.o
 .debug_loc     0x00007712      0x200 hooks.o
 .debug_loc     0x00007912       0x48 main.o
 .debug_loc     0x0000795a       0xe0 Tasks/LooplichtTask.o
 .debug_loc     0x00007a3a       0x3c Tasks/RGBLedTask.o
 .debug_loc     0x00007a76       0xb8 Tasks/TerminalTask.o
 .debug_loc     0x00007b2e       0x3a ../Drivers\libDriverPower.a(DriverPower.o)

.debug_macinfo
 *(.debug_macinfo)

.debug_weaknames
 *(.debug_weaknames)

.debug_funcnames
 *(.debug_funcnames)

.debug_typenames
 *(.debug_typenames)

.debug_varnames
 *(.debug_varnames)

.debug_pubtypes
 *(.debug_pubtypes)

.debug_ranges   0x00000000      0x838
 *(.debug_ranges)
 .debug_ranges  0x00000000       0x18 Drivers/DriverAdc.o
 .debug_ranges  0x00000018       0x18 Drivers/DriverCursorstick.o
 .debug_ranges  0x00000030       0x10 Drivers/DriverDbgUSART.o
 .debug_ranges  0x00000040       0x20 Drivers/DriverLed.o
 .debug_ranges  0x00000060       0x18 Drivers/Driverpl9823Bitbang.o
 .debug_ranges  0x00000078       0x10 Drivers/DriverSysClk.o
 .debug_ranges  0x00000088       0x50 Drivers/DriverTWIMaster.o
 .debug_ranges  0x000000d8       0x30 Drivers/DriverUSART.o
 .debug_ranges  0x00000108       0x28 heap_2.o
 .debug_ranges  0x00000130       0x30 list.o
 .debug_ranges  0x00000160       0x40 port.o
 .debug_ranges  0x000001a0      0x1f8 queue.o
 .debug_ranges  0x00000398      0x408 tasks.o
 .debug_ranges  0x000007a0       0x28 hooks.o
 .debug_ranges  0x000007c8       0x10 main.o
 .debug_ranges  0x000007d8       0x18 Tasks/LooplichtTask.o
 .debug_ranges  0x000007f0       0x18 Tasks/RGBLedTask.o
 .debug_ranges  0x00000808       0x18 Tasks/TerminalTask.o
 .debug_ranges  0x00000820       0x18 ../Drivers\libDriverPower.a(DriverPower.o)

.debug_macro
 *(.debug_macro)
OUTPUT(LinebotTemplate1.elf elf32-avr)
LOAD linker stubs
