Archive member included to satisfy reference by file (symbol)

c:/program files (x86)/atmel/studio/7.0/toolchain/avr8/avr8-gnu-toolchain/bin/../lib/gcc/avr/5.4.0/../../../../avr/lib/avrxmega6\libm.a(cmpsf2.o)
                              hooks.o (__ltsf2)
c:/program files (x86)/atmel/studio/7.0/toolchain/avr8/avr8-gnu-toolchain/bin/../lib/gcc/avr/5.4.0/../../../../avr/lib/avrxmega6\libm.a(fixunssfsi.o)
                              hooks.o (__fixunssfsi)
c:/program files (x86)/atmel/studio/7.0/toolchain/avr8/avr8-gnu-toolchain/bin/../lib/gcc/avr/5.4.0/../../../../avr/lib/avrxmega6\libm.a(fp_cmp.o)
                              c:/program files (x86)/atmel/studio/7.0/toolchain/avr8/avr8-gnu-toolchain/bin/../lib/gcc/avr/5.4.0/../../../../avr/lib/avrxmega6\libm.a(cmpsf2.o) (__fp_cmp)
c:/program files (x86)/atmel/studio/7.0/toolchain/avr8/avr8-gnu-toolchain/bin/../lib/gcc/avr/5.4.0/../../../../avr/lib/avrxmega6\libm.a(fp_split3.o)
                              c:/program files (x86)/atmel/studio/7.0/toolchain/avr8/avr8-gnu-toolchain/bin/../lib/gcc/avr/5.4.0/../../../../avr/lib/avrxmega6\libm.a(fixunssfsi.o) (__fp_splitA)
c:/program files (x86)/atmel/studio/7.0/toolchain/avr8/avr8-gnu-toolchain/bin/../lib/gcc/avr/5.4.0/../../../../avr/lib/avrxmega6\libm.a(fp_zero.o)
                              c:/program files (x86)/atmel/studio/7.0/toolchain/avr8/avr8-gnu-toolchain/bin/../lib/gcc/avr/5.4.0/../../../../avr/lib/avrxmega6\libm.a(fixunssfsi.o) (__fp_zero)
c:/program files (x86)/atmel/studio/7.0/toolchain/avr8/avr8-gnu-toolchain/bin/../lib/gcc/avr/5.4.0/../../../../avr/lib/avrxmega6\libm.a(gesf2.o)
                              hooks.o (__gtsf2)
c:/program files (x86)/atmel/studio/7.0/toolchain/avr8/avr8-gnu-toolchain/bin/../lib/gcc/avr/5.4.0/../../../../avr/lib/avrxmega6\libm.a(mulsf3.o)
                              hooks.o (__mulsf3)
c:/program files (x86)/atmel/studio/7.0/toolchain/avr8/avr8-gnu-toolchain/bin/../lib/gcc/avr/5.4.0/../../../../avr/lib/avrxmega6\libm.a(mulsf3x.o)
                              c:/program files (x86)/atmel/studio/7.0/toolchain/avr8/avr8-gnu-toolchain/bin/../lib/gcc/avr/5.4.0/../../../../avr/lib/avrxmega6\libm.a(mulsf3.o) (__mulsf3x)
c:/program files (x86)/atmel/studio/7.0/toolchain/avr8/avr8-gnu-toolchain/bin/../lib/gcc/avr/5.4.0/../../../../avr/lib/avrxmega6\libm.a(fp_inf.o)
                              c:/program files (x86)/atmel/studio/7.0/toolchain/avr8/avr8-gnu-toolchain/bin/../lib/gcc/avr/5.4.0/../../../../avr/lib/avrxmega6\libm.a(mulsf3x.o) (__fp_inf)
c:/program files (x86)/atmel/studio/7.0/toolchain/avr8/avr8-gnu-toolchain/bin/../lib/gcc/avr/5.4.0/../../../../avr/lib/avrxmega6\libm.a(fp_nan.o)
                              c:/program files (x86)/atmel/studio/7.0/toolchain/avr8/avr8-gnu-toolchain/bin/../lib/gcc/avr/5.4.0/../../../../avr/lib/avrxmega6\libm.a(mulsf3x.o) (__fp_nan)
c:/program files (x86)/atmel/studio/7.0/toolchain/avr8/avr8-gnu-toolchain/bin/../lib/gcc/avr/5.4.0/../../../../avr/lib/avrxmega6\libm.a(fp_pscA.o)
                              c:/program files (x86)/atmel/studio/7.0/toolchain/avr8/avr8-gnu-toolchain/bin/../lib/gcc/avr/5.4.0/../../../../avr/lib/avrxmega6\libm.a(mulsf3x.o) (__fp_pscA)
c:/program files (x86)/atmel/studio/7.0/toolchain/avr8/avr8-gnu-toolchain/bin/../lib/gcc/avr/5.4.0/../../../../avr/lib/avrxmega6\libm.a(fp_pscB.o)
                              c:/program files (x86)/atmel/studio/7.0/toolchain/avr8/avr8-gnu-toolchain/bin/../lib/gcc/avr/5.4.0/../../../../avr/lib/avrxmega6\libm.a(mulsf3x.o) (__fp_pscB)
c:/program files (x86)/atmel/studio/7.0/toolchain/avr8/avr8-gnu-toolchain/bin/../lib/gcc/avr/5.4.0/../../../../avr/lib/avrxmega6\libm.a(fp_round.o)
                              c:/program files (x86)/atmel/studio/7.0/toolchain/avr8/avr8-gnu-toolchain/bin/../lib/gcc/avr/5.4.0/../../../../avr/lib/avrxmega6\libm.a(mulsf3.o) (__fp_round)
../Drivers\libDriverPower.a(DriverPower.o)
                              main.o (DriverPowerInit)
c:/program files (x86)/atmel/studio/7.0/toolchain/avr8/avr8-gnu-toolchain/bin/../lib/gcc/avr/5.4.0/../../../../avr/lib/avrxmega6\libprintf_flt.a(vfprintf_flt.o)
                              (vfprintf)
c:/program files (x86)/atmel/studio/7.0/toolchain/avr8/avr8-gnu-toolchain/bin/../lib/gcc/avr/5.4.0/avrxmega6\libgcc.a(_udivmodsi4.o)
                              tasks.o (__udivmodsi4)
c:/program files (x86)/atmel/studio/7.0/toolchain/avr8/avr8-gnu-toolchain/bin/../lib/gcc/avr/5.4.0/avrxmega6\libgcc.a(_exit.o)
                              C:/Program Files (x86)/Atmel/Studio/7.0/Packs/atmel/XMEGAC_DFP/1.1.50/gcc/dev/atxmega384c3/avrxmega6/crtatxmega384c3.o (exit)
c:/program files (x86)/atmel/studio/7.0/toolchain/avr8/avr8-gnu-toolchain/bin/../lib/gcc/avr/5.4.0/avrxmega6\libgcc.a(_copy_data.o)
                              Drivers/DriverAdps9960.o (__do_copy_data)
c:/program files (x86)/atmel/studio/7.0/toolchain/avr8/avr8-gnu-toolchain/bin/../lib/gcc/avr/5.4.0/avrxmega6\libgcc.a(_clear_bss.o)
[...]
Memory Configuration

Name             Origin             Length             Attributes
text             0x00000000         0x00100000         xr
data             0x00802000         0x0000ffa0         rw !x
eeprom           0x00810000         0x00010000         rw !x
fuse             0x00820000         0x00000006         rw !x
lock             0x00830000         0x00000400         rw !x
signature        0x00840000         0x00000400         rw !x
user_signatures  0x00850000         0x00000400         rw !x
*default*        0x00000000         0xffffffff

Linker script and memory map

LOAD C:/Program Files (x86)/Atmel/Studio/7.0/Packs/atmel/XMEGAC_DFP/1.1.50/gcc/dev/atxmega384c3/avrxmega6/crtatxmega384c3.o
LOAD Drivers/Drivepl9823Bitbang.o
LOAD Drivers/DriverAdc.o
LOAD Drivers/DriverAdps9960.o
LOAD Drivers/DriverCursorstick.o
LOAD Drivers/DriverDbgUSART.o
LOAD Drivers/DriverLed.o
LOAD Drivers/DriverMotor.o
LOAD DriverMPU6050.o
LOAD Drivers/DriverOled.o
LOAD Drivers/Driverpl9823Bitbang.o
LOAD Drivers/DriverSysClk.o
LOAD Drivers/DriverTWIMaster.o
LOAD Drivers/DriverUSART.o
LOAD heap_2.o
LOAD list.o
LOAD port.o
LOAD queue.o
LOAD tasks.o
LOAD timers.o
LOAD hooks.o
LOAD main.o
LOAD Tasks/LooplichtTask.o
LOAD Tasks/RecursieTask.o
LOAD Tasks/TerminalTask.o
START GROUP
LOAD c:/program files (x86)/atmel/studio/7.0/toolchain/avr8/avr8-gnu-toolchain/bin/../lib/gcc/avr/5.4.0/../../../../avr/lib/avrxmega6\libm.a
LOAD ../Drivers\libDriverPower.a
LOAD c:/program files (x86)/atmel/studio/7.0/toolchain/avr8/avr8-gnu-toolchain/bin/../lib/gcc/avr/5.4.0/../../../../avr/lib/avrxmega6\libprintf_flt.a
END GROUP
START GROUP
LOAD c:/program files (x86)/atmel/studio/7.0/toolchain/avr8/avr8-gnu-toolchain/bin/../lib/gcc/avr/5.4.0/avrxmega6\libgcc.a
LOAD c:/program files (x86)/atmel/studio/7.0/toolchain/avr8/avr8-gnu-toolchain/bin/../lib/gcc/avr/5.4.0/../../../../avr/lib/avrxmega6\libm.a
LOAD c:/program files (x86)/atmel/studio/7.0/toolchain/avr8/avr8-gnu-toolchain/bin/../lib/gcc/avr/5.4.0/../../../../avr/lib/avrxmega6\libc.a
LOAD C:/Program Files (x86)/Atmel/Studio/7.0/Packs/atmel/XMEGAC_DFP/1.1.50/gcc/dev/atxmega384c3/avrxmega6\libatxmega384c3.a
END GROUP
                0x00000000                __TEXT_REGION_ORIGIN__ = DEFINED (__TEXT_REGION_ORIGIN__)?__TEXT_REGION_ORIGIN__:0x0
                0x00802000                __DATA_REGION_ORIGIN__ = DEFINED (__DATA_REGION_ORIGIN__)?__DATA_REGION_ORIGIN__:0x802000
                0x00100000                __TEXT_REGION_LENGTH__ = DEFINED (__TEXT_REGION_LENGTH__)?__TEXT_REGION_LENGTH__:0x100000
                0x0000ffa0                __DATA_REGION_LENGTH__ = DEFINED (__DATA_REGION_LENGTH__)?__DATA_REGION_LENGTH__:0xffa0
                0x00010000                __EEPROM_REGION_LENGTH__ = DEFINED (__EEPROM_REGION_LENGTH__)?__EEPROM_REGION_LENGTH__:0x10000
                [0x00000006]                __FUSE_REGION_LENGTH__ = DEFINED (__FUSE_REGION_LENGTH__)?__FUSE_REGION_LENGTH__:0x400
                0x00000400                __LOCK_REGION_LENGTH__ = DEFINED (__LOCK_REGION_LENGTH__)?__LOCK_REGION_LENGTH__:0x400
                0x00000400                __SIGNATURE_REGION_LENGTH__ = DEFINED (__SIGNATURE_REGION_LENGTH__)?__SIGNATURE_REGION_LENGTH__:0x400
                0x00000400                __USER_SIGNATURE_REGION_LENGTH__ = DEFINED (__USER_SIGNATURE_REGION_LENGTH__)?__USER_SIGNATURE_REGION_LENGTH__:0x400

.hash
 *(.hash)

.dynsym
 *(.dynsym)

.dynstr
 *(.dynstr)

.gnu.version
 *(.gnu.version)

.gnu.version_d
 *(.gnu.version_d)

.gnu.version_r
 *(.gnu.version_r)

.rel.init
 *(.rel.init)

.rela.init
 *(.rela.init)

.rel.text
 *(.rel.text)
 *(.rel.text.*)
 *(.rel.gnu.linkonce.t*)

.rela.text
 *(.rela.text)
 *(.rela.text.*)
 *(.rela.gnu.linkonce.t*)

.rel.fini
 *(.rel.fini)

.rela.fini
 *(.rela.fini)

.rel.rodata
 *(.rel.rodata)
 *(.rel.rodata.*)
 *(.rel.gnu.linkonce.r*)

.rela.rodata
 *(.rela.rodata)
 *(.rela.rodata.*)
 *(.rela.gnu.linkonce.r*)

.rel.data
 *(.rel.data)
 *(.rel.data.*)
 *(.rel.gnu.linkonce.d*)

.rela.data
 *(.rela.data)
 *(.rela.data.*)
 *(.rela.gnu.linkonce.d*)

.rel.ctors
 *(.rel.ctors)

.rela.ctors
 *(.rela.ctors)

.rel.dtors
 *(.rel.dtors)

.rela.dtors
 *(.rela.dtors)

.rel.got
 *(.rel.got)

.rela.got
 *(.rela.got)

.rel.bss
 *(.rel.bss)

.rela.bss
 *(.rela.bss)

.rel.plt
 *(.rel.plt)

.rela.plt
 *(.rela.plt)

.text           0x00000000     0x49f8
 *(.vectors)
 .vectors       0x00000000      0x1fc C:/Program Files (x86)/Atmel/Studio/7.0/Packs/atmel/XMEGAC_DFP/1.1.50/gcc/dev/atxmega384c3/avrxmega6/crtatxmega384c3.o
                0x00000000                __vector_default
                0x00000000                __vectors
 *(.vectors)
 *(.progmem.gcc*)
                0x000001fc                . = ALIGN (0x2)
                0x000001fc                __trampolines_start = .
 *(.trampolines)
 .trampolines   0x000001fc       0x18 linker stubs
 *(.trampolines*)
                0x00000214                __trampolines_end = .
 *libprintf_flt.a:*(.progmem.data)
 .progmem.data  0x00000214        0x8 c:/program files (x86)/atmel/studio/7.0/toolchain/avr8/avr8-gnu-toolchain/bin/../lib/gcc/avr/5.4.0/../../../../avr/lib/avrxmega6\libprintf_flt.a(vfprintf_flt.o)
 *libc.a:*(.progmem.data)
 .progmem.data  0x0000021c       0xfa c:/program files (x86)/atmel/studio/7.0/toolchain/avr8/avr8-gnu-toolchain/bin/../lib/gcc/avr/5.4.0/../../../../avr/lib/avrxmega6\libc.a(ftoa_engine.o)
 .progmem.data  0x00000316        0xc c:/program files (x86)/atmel/studio/7.0/toolchain/avr8/avr8-gnu-toolchain/bin/../lib/gcc/avr/5.4.0/../../../../avr/lib/avrxmega6\libc.a(vfscanf_std.o)
 *(.progmem*)
                0x00000322                . = ALIGN (0x2)
 *(.jumptables)
 *(.jumptables*)
 *(.lowtext)
 *(.lowtext*)
                0x00000322                __ctors_start = .
 *(.ctors)
                0x00000322                __ctors_end = .
                0x00000322                __dtors_start = .
 *(.dtors)
                0x00000322                __dtors_end = .
 SORT(*)(.ctors)
 SORT(*)(.dtors)
 *(.init0)
 .init0         0x00000322        0x0 C:/Program Files (x86)/Atmel/Studio/7.0/Packs/atmel/XMEGAC_DFP/1.1.50/gcc/dev/atxmega384c3/avrxmega6/crtatxmega384c3.o
                0x00000322                __init
 *(.init0)
 *(.init1)
 *(.init1)
 *(.init2)
 .init2         0x00000322       0x10 C:/Program Files (x86)/Atmel/Studio/7.0/Packs/atmel/XMEGAC_DFP/1.1.50/gcc/dev/atxmega384c3/avrxmega6/crtatxmega384c3.o
 *(.init2)
 *(.init3)
 *(.init3)
 *(.init4)
 .init4         0x00000332       0x1a c:/program files (x86)/atmel/studio/7.0/toolchain/avr8/avr8-gnu-toolchain/bin/../lib/gcc/avr/5.4.0/avrxmega6\libgcc.a(_copy_data.o)
                0x00000332                __do_copy_data
 .init4         0x0000034c       0x10 c:/program files (x86)/atmel/studio/7.0/toolchain/avr8/avr8-gnu-toolchain/bin/../lib/gcc/avr/5.4.0/avrxmega6\libgcc.a(_clear_bss.o)
                0x0000034c                __do_clear_bss
 *(.init4)
 *(.init5)
 *(.init5)
 *(.init6)
 *(.init6)
 *(.init7)
 *(.init7)
 *(.init8)
 *(.init8)
 *(.init9)
 .init9         0x0000035c        0x8 C:/Program Files (x86)/Atmel/Studio/7.0/Packs/atmel/XMEGAC_DFP/1.1.50/gcc/dev/atxmega384c3/avrxmega6/crtatxmega384c3.o
 *(.init9)
 *(.text)
 .text          0x00000364        0x4 C:/Program Files (x86)/Atmel/Studio/7.0/Packs/atmel/XMEGAC_DFP/1.1.50/gcc/dev/atxmega384c3/avrxmega6/crtatxmega384c3.o
                0x00000364                __vector_38
                0x00000364                __vector_104
                0x00000364                __vector_22
                0x00000364                __vector_63
                0x00000364                __vector_28
                0x00000364                __vector_67
                0x00000364                __vector_1
                0x00000364                __vector_119
                0x00000364                __vector_32
                0x00000364                __vector_75
                0x00000364                __vector_71
                0x00000364                __vector_91
                0x00000364                __vector_34
                0x00000364                __vector_62
                0x00000364                __vector_77
                0x00000364                __vector_102
                0x00000364                __vector_24
                0x00000364                __vector_12
                0x00000364                __vector_55
                0x00000364                __vector_69
                0x00000364                __vector_81
                0x00000364                __vector_90
                0x00000364                __bad_interrupt
                0x00000364                __vector_122
                0x00000364                __vector_72
                0x00000364                __vector_114
                0x00000364                __vector_6
                0x00000364                __vector_110
                0x00000364                __vector_31
                0x00000364                __vector_92
                0x00000364                __vector_35
                0x00000364                __vector_78
                0x00000364                __vector_74
                0x00000364                __vector_117
                0x00000364                __vector_39
                0x00000364                __vector_107
                0x00000364                __vector_3
                0x00000364                __vector_105
                0x00000364                __vector_98
                0x00000364                __vector_23
                0x00000364                __vector_68
                0x00000364                __vector_30
                0x00000364                __vector_73
                0x00000364                __vector_45
                0x00000364                __vector_25
                0x00000364                __vector_93
                0x00000364                __vector_61
                0x00000364                __vector_11
                0x00000364                __vector_54
                0x00000364                __vector_99
                0x00000364                __vector_13
                0x00000364                __vector_17
                0x00000364                __vector_19
                0x00000364                __vector_56
                0x00000364                __vector_7
                0x00000364                __vector_125
                0x00000364                __vector_49
                0x00000364                __vector_123
                0x00000364                __vector_41
                0x00000364                __vector_86
                0x00000364                __vector_100
                0x00000364                __vector_101
                0x00000364                __vector_64
                0x00000364                __vector_88
                0x00000364                __vector_109
                0x00000364                __vector_43
                0x00000364                __vector_27
                0x00000364                __vector_5
                0x00000364                __vector_113
                0x00000364                __vector_33
                0x00000364                __vector_76
                0x00000364                __vector_115
                0x00000364                __vector_47
                0x00000364                __vector_52
                0x00000364                __vector_37
                0x00000364                __vector_95
                0x00000364                __vector_103
                0x00000364                __vector_96
                0x00000364                __vector_89
                0x00000364                __vector_108
                0x00000364                __vector_4
                0x00000364                __vector_44
                0x00000364                __vector_82
                0x00000364                __vector_106
                0x00000364                __vector_118
                0x00000364                __vector_51
                0x00000364                __vector_9
                0x00000364                __vector_2
                0x00000364                __vector_21
                0x00000364                __vector_15
                0x00000364                __vector_66
                0x00000364                __vector_36
                0x00000364                __vector_79
                0x00000364                __vector_58
                0x00000364                __vector_70
                0x00000364                __vector_83
                0x00000364                __vector_29
                0x00000364                __vector_60
                0x00000364                __vector_121
                0x00000364                __vector_40
                0x00000364                __vector_85
                0x00000364                __vector_94
                0x00000364                __vector_126
                0x00000364                __vector_8
                0x00000364                __vector_26
                0x00000364                __vector_48
                0x00000364                __vector_124
                0x00000364                __vector_116
                0x00000364                __vector_112
                0x00000364                __vector_111
                0x00000364                __vector_80
                0x00000364                __vector_84
                0x00000364                __vector_57
                0x00000364                __vector_53
                0x00000364                __vector_10
                0x00000364                __vector_50
                0x00000364                __vector_16
                0x00000364                __vector_59
                0x00000364                __vector_18
                0x00000364                __vector_97
                0x00000364                __vector_42
                0x00000364                __vector_87
                0x00000364                __vector_65
                0x00000364                __vector_120
                0x00000368                . = ALIGN (0x2)
 *(.text.*)
 .text.DriverAdcInit
                0x00000368       0x10 Drivers/DriverAdc.o
                0x00000368                DriverAdcInit
 .text.DriverCursorstickInit
                0x00000378       0x10 Drivers/DriverCursorstick.o
                0x00000378                DriverCursorstickInit
 .text.DbgPrint
                0x00000388       0xa4 Drivers/DriverDbgUSART.o
                0x00000388                DbgPrint
 .text.DriverLedInit
                0x0000042c       0x4c Drivers/DriverLed.o
                0x0000042c                DriverLedInit
 .text.DriverLedWrite
                0x00000478       0x36 Drivers/DriverLed.o
                0x00000478                DriverLedWrite
 .text.DriverSysClkXtalInit
                0x000004ae       0x36 Drivers/DriverSysClk.o
                0x000004ae                DriverSysClkXtalInit
 .text.DriverTWIMInit
                0x000004e4       0x46 Drivers/DriverTWIMaster.o
                0x000004e4                DriverTWIMInit
 .text.TWIMArbitrationLostBusErrorHandler
                0x0000052a       0x4a Drivers/DriverTWIMaster.o
                0x0000052a                TWIMArbitrationLostBusErrorHandler
 .text.TWIMWriteHandler
                0x00000574       0xb8 Drivers/DriverTWIMaster.o
                0x00000574                TWIMWriteHandler
 .text.TWIMReadHandler
                0x0000062c       0x8c Drivers/DriverTWIMaster.o
                0x0000062c                TWIMReadHandler
 .text.TWIMTransactionFinished
                0x000006b8       0x20 Drivers/DriverTWIMaster.o
                0x000006b8                TWIMTransactionFinished
 .text.__vector_46
                0x000006d8       0xbc Drivers/DriverTWIMaster.o
                0x000006d8                __vector_46
 .text.DriverUSARTInit
                0x00000794       0x6c Drivers/DriverUSART.o
                0x00000794                DriverUSARTInit
 .text.stdio_putchar
                0x00000800       0x4a Drivers/DriverUSART.o
 .text.stdio_getchar
                0x0000084a       0x34 Drivers/DriverUSART.o
 .text.pvPortMalloc
                0x0000087e      0x1de heap_2.o
                0x0000087e                pvPortMalloc
 .text.vPortFree
                0x00000a5c       0xd8 heap_2.o
                0x00000a5c                vPortFree
 .text.xPortGetFreeHeapSize
                0x00000b34       0x16 heap_2.o
                0x00000b34                xPortGetFreeHeapSize
 .text.prvHeapInit
                0x00000b4a       0x6e heap_2.o
 .text.vListInitialise
                0x00000bb8       0x6e list.o
                0x00000bb8                vListInitialise
 .text.vListInitialiseItem
                0x00000c26       0x26 list.o
                0x00000c26                vListInitialiseItem
 .text.vListInsertEnd
                0x00000c4c       0x96 list.o
                0x00000c4c                vListInsertEnd
 .text.vListInsert
                0x00000ce2       0xe4 list.o
                0x00000ce2                vListInsert
 .text.uxListRemove
                0x00000dc6       0xac list.o
                0x00000dc6                uxListRemove
 .text.pxPortInitialiseStack
                0x00000e72      0x366 port.o
                0x00000e72                pxPortInitialiseStack
 .text.xPortStartScheduler
                0x000011d8       0x6a port.o
                0x000011d8                xPortStartScheduler
 .text.vPortYield
                0x00001242       0xb4 port.o
                0x00001242                vPortYield
 .text.prvSetupTimerInterrupt
                0x000012f6       0x32 port.o
 .text.__vector_14
                0x00001328       0xf0 port.o
                0x00001328                __vector_14
 .text.vConfigureTimerForRunTimeStats
                0x00001418       0x10 port.o
                0x00001418                vConfigureTimerForRunTimeStats
 .text.__vector_20
                0x00001428       0x26 port.o
                0x00001428                __vector_20
 .text.xTaskCreate
                0x0000144e       0xee tasks.o
                0x0000144e                xTaskCreate
 .text.prvInitialiseNewTask
                0x0000153c      0x1c4 tasks.o
 .text.prvAddNewTaskToReadyList
                0x00001700      0x10a tasks.o
 .text.vTaskDelayUntil
                0x0000180a      0x124 tasks.o
                0x0000180a                vTaskDelayUntil
 .text.eTaskGetState
                0x0000192e       0xf6 tasks.o
                0x0000192e                eTaskGetState
 .text.vTaskStartScheduler
                0x00001a24       0x82 tasks.o
                0x00001a24                vTaskStartScheduler
 .text.vTaskSuspendAll
                0x00001aa6       0x1a tasks.o
                0x00001aa6                vTaskSuspendAll
 .text.xTaskResumeAll
                0x00001ac0      0x140 tasks.o
                0x00001ac0                xTaskResumeAll
 .text.uxTaskGetSystemState
                0x00001c00      0x188 tasks.o
                0x00001c00                uxTaskGetSystemState
 .text.xTaskIncrementTick
                0x00001d88      0x1ea tasks.o
                0x00001d88                xTaskIncrementTick
 .text.vTaskSwitchContext
                0x00001f72      0x2b4 tasks.o
                0x00001f72                vTaskSwitchContext
 .text.prvIdleTask
                0x00002226       0x26 tasks.o
 .text.prvInitialiseTaskLists
                0x0000224c       0x84 tasks.o
 .text.prvCheckTasksWaitingTermination
                0x000022d0       0x64 tasks.o
 .text.vTaskGetInfo
                0x00002334      0x156 tasks.o
                0x00002334                vTaskGetInfo
 .text.prvListTasksWithinSingleList
                0x0000248a      0x140 tasks.o
 .text.prvTaskCheckFreeStackSpace
                0x000025ca       0x56 tasks.o
 .text.prvDeleteTCB
                0x00002620       0x32 tasks.o
 .text.prvResetNextTaskUnblockTime
                0x00002652       0x60 tasks.o
 .text.xTaskGetCurrentTaskHandle
                0x000026b2       0x26 tasks.o
                0x000026b2                xTaskGetCurrentTaskHandle
 .text.prvWriteNameToBuffer
                0x000026d8       0x7c tasks.o
 .text.vTaskGetRunTimeStats
                0x00002754      0x20c tasks.o
                0x00002754                vTaskGetRunTimeStats
 .text.prvAddCurrentTaskToDelayedList
                0x00002960       0xe8 tasks.o
 .text.vApplicationIdleHook
                0x00002a48       0x10 hooks.o
                0x00002a48                vApplicationIdleHook
 .text.vApplicationMallocFailedHook
                0x00002a58      0x200 hooks.o
                0x00002a58                vApplicationMallocFailedHook
 .text.vApplicationStackOverflowHook
                0x00002c58      0x258 hooks.o
                0x00002c58                vApplicationStackOverflowHook
 .text.vAssertCalled
                0x00002eb0      0x26a hooks.o
                0x00002eb0                vAssertCalled
 .text.main     0x0000311a      0x140 main.o
                0x0000311a                main
 .text.InitLooplichtTask
                0x0000325a       0x36 Tasks/LooplichtTask.o
                0x0000325a                InitLooplichtTask
 .text.WorkerLooplicht
                0x00003290       0x82 Tasks/LooplichtTask.o
 .text.InitRecursieTask
                0x00003312       0x36 Tasks/RecursieTask.o
                0x00003312                InitRecursieTask
 .text.WorkerRecursie
                0x00003348       0x78 Tasks/RecursieTask.o
 .text.InitTerminalTask
                0x000033c0       0x36 Tasks/TerminalTask.o
                0x000033c0                InitTerminalTask
 .text.WorkerTerminal
                0x000033f6       0xd0 Tasks/TerminalTask.o
 .text.avr-libc.fplib
                0x000034c6        0xa c:/program files (x86)/atmel/studio/7.0/toolchain/avr8/avr8-gnu-toolchain/bin/../lib/gcc/avr/5.4.0/../../../../avr/lib/avrxmega6\libm.a(cmpsf2.o)
                0x000034c6                __nesf2
                0x000034c6                __eqsf2
                0x000034c6                __cmpsf2
                0x000034c6                __ltsf2
                0x000034c6                __lesf2
 .text.avr-libc.fplib
                0x000034d0       0x5e c:/program files (x86)/atmel/studio/7.0/toolchain/avr8/avr8-gnu-toolchain/bin/../lib/gcc/avr/5.4.0/../../../../avr/lib/avrxmega6\libm.a(fixunssfsi.o)
                0x000034d0                __fixunssfsi
 .text.avr-libc.fplib
                0x0000352e       0x48 c:/program files (x86)/atmel/studio/7.0/toolchain/avr8/avr8-gnu-toolchain/bin/../lib/gcc/avr/5.4.0/../../../../avr/lib/avrxmega6\libm.a(fp_cmp.o)
                0x0000352e                __fp_cmp
 .text.avr-libc.fplib
                0x00003576       0x44 c:/program files (x86)/atmel/studio/7.0/toolchain/avr8/avr8-gnu-toolchain/bin/../lib/gcc/avr/5.4.0/../../../../avr/lib/avrxmega6\libm.a(fp_split3.o)
                0x00003576                __fp_split3
                0x00003586                __fp_splitA
 .text.avr-libc.fplib
                0x000035ba        0xe c:/program files (x86)/atmel/studio/7.0/toolchain/avr8/avr8-gnu-toolchain/bin/../lib/gcc/avr/5.4.0/../../../../avr/lib/avrxmega6\libm.a(fp_zero.o)
                0x000035ba                __fp_zero
                0x000035bc                __fp_szero
 .text.avr-libc.fplib
                0x000035c8        0xa c:/program files (x86)/atmel/studio/7.0/toolchain/avr8/avr8-gnu-toolchain/bin/../lib/gcc/avr/5.4.0/../../../../avr/lib/avrxmega6\libm.a(gesf2.o)
                0x000035c8                __gesf2
                0x000035c8                __gtsf2
 .text.avr-libc.fplib
                0x000035d2        0x8 c:/program files (x86)/atmel/studio/7.0/toolchain/avr8/avr8-gnu-toolchain/bin/../lib/gcc/avr/5.4.0/../../../../avr/lib/avrxmega6\libm.a(mulsf3.o)
                0x000035d2                __mulsf3
 .text.avr-libc.fplib
                0x000035da       0xd2 c:/program files (x86)/atmel/studio/7.0/toolchain/avr8/avr8-gnu-toolchain/bin/../lib/gcc/avr/5.4.0/../../../../avr/lib/avrxmega6\libm.a(mulsf3x.o)
                0x000035f8                __mulsf3x
                0x000035fe                __mulsf3_pse
 .text.avr-libc.fplib
                0x000036ac        0xc c:/program files (x86)/atmel/studio/7.0/toolchain/avr8/avr8-gnu-toolchain/bin/../lib/gcc/avr/5.4.0/../../../../avr/lib/avrxmega6\libm.a(fp_inf.o)
                0x000036ac                __fp_inf
 .text.avr-libc.fplib
                0x000036b8        0x6 c:/program files (x86)/atmel/studio/7.0/toolchain/avr8/avr8-gnu-toolchain/bin/../lib/gcc/avr/5.4.0/../../../../avr/lib/avrxmega6\libm.a(fp_nan.o)
                0x000036b8                __fp_nan
 .text.avr-libc.fplib
                0x000036be        0xe c:/program files (x86)/atmel/studio/7.0/toolchain/avr8/avr8-gnu-toolchain/bin/../lib/gcc/avr/5.4.0/../../../../avr/lib/avrxmega6\libm.a(fp_pscA.o)
                0x000036be                __fp_pscA
 .text.avr-libc.fplib
                0x000036cc        0xe c:/program files (x86)/atmel/studio/7.0/toolchain/avr8/avr8-gnu-toolchain/bin/../lib/gcc/avr/5.4.0/../../../../avr/lib/avrxmega6\libm.a(fp_pscB.o)
                0x000036cc                __fp_pscB
 .text.avr-libc.fplib
                0x000036da       0x22 c:/program files (x86)/atmel/studio/7.0/toolchain/avr8/avr8-gnu-toolchain/bin/../lib/gcc/avr/5.4.0/../../../../avr/lib/avrxmega6\libm.a(fp_round.o)
                0x000036da                __fp_round
 .text.DriverPowerInit
                0x000036fc        0x8 ../Drivers\libDriverPower.a(DriverPower.o)
                0x000036fc                DriverPowerInit
 .text.DriverPowerVccAuxSet
                0x00003704       0x14 ../Drivers\libDriverPower.a(DriverPower.o)
                0x00003704                DriverPowerVccAuxSet
 .text.avr-libc
                0x00003718      0x740 c:/program files (x86)/atmel/studio/7.0/toolchain/avr8/avr8-gnu-toolchain/bin/../lib/gcc/avr/5.4.0/../../../../avr/lib/avrxmega6\libprintf_flt.a(vfprintf_flt.o)
                0x00003718                vfprintf
 .text.libgcc.div
                0x00003e58       0x44 c:/program files (x86)/atmel/studio/7.0/toolchain/avr8/avr8-gnu-toolchain/bin/../lib/gcc/avr/5.4.0/avrxmega6\libgcc.a(_udivmodsi4.o)
                0x00003e58                __udivmodsi4
 .text.avr-libc
                0x00003e9c      0x1b0 c:/program files (x86)/atmel/studio/7.0/toolchain/avr8/avr8-gnu-toolchain/bin/../lib/gcc/avr/5.4.0/../../../../avr/lib/avrxmega6\libc.a(ftoa_engine.o)
                0x00003e9c                __ftoa_engine
 .text.avr-libc
                0x0000404c       0x16 c:/program files (x86)/atmel/studio/7.0/toolchain/avr8/avr8-gnu-toolchain/bin/../lib/gcc/avr/5.4.0/../../../../avr/lib/avrxmega6\libc.a(strnlen_P.o)
                0x0000404c                strnlen_P
 .text.avr-libc
                0x00004062        0xe c:/program files (x86)/atmel/studio/7.0/toolchain/avr8/avr8-gnu-toolchain/bin/../lib/gcc/avr/5.4.0/../../../../avr/lib/avrxmega6\libc.a(memset.o)
                0x00004062                memset
 .text.avr-libc
                0x00004070       0x12 c:/program files (x86)/atmel/studio/7.0/toolchain/avr8/avr8-gnu-toolchain/bin/../lib/gcc/avr/5.4.0/../../../../avr/lib/avrxmega6\libc.a(strcmp.o)
                0x00004070                strcmp
 .text.avr-libc
                0x00004082        0xe c:/program files (x86)/atmel/studio/7.0/toolchain/avr8/avr8-gnu-toolchain/bin/../lib/gcc/avr/5.4.0/../../../../avr/lib/avrxmega6\libc.a(strcpy.o)
                0x00004082                strcpy
 .text.avr-libc
                0x00004090       0x12 c:/program files (x86)/atmel/studio/7.0/toolchain/avr8/avr8-gnu-toolchain/bin/../lib/gcc/avr/5.4.0/../../../../avr/lib/avrxmega6\libc.a(strlen.o)
                0x00004090                strlen
 .text.avr-libc
                0x000040a2       0x16 c:/program files (x86)/atmel/studio/7.0/toolchain/avr8/avr8-gnu-toolchain/bin/../lib/gcc/avr/5.4.0/../../../../avr/lib/avrxmega6\libc.a(strnlen.o)
                0x000040a2                strnlen
 .text.avr-libc
                0x000040b8       0x78 c:/program files (x86)/atmel/studio/7.0/toolchain/avr8/avr8-gnu-toolchain/bin/../lib/gcc/avr/5.4.0/../../../../avr/lib/avrxmega6\libc.a(fputc.o)
                0x000040b8                fputc
 .text.avr-libc
                0x00004130       0x28 c:/program files (x86)/atmel/studio/7.0/toolchain/avr8/avr8-gnu-toolchain/bin/../lib/gcc/avr/5.4.0/../../../../avr/lib/avrxmega6\libc.a(printf.o)
                0x00004130                printf
 .text.avr-libc
                0x00004158       0x60 c:/program files (x86)/atmel/studio/7.0/toolchain/avr8/avr8-gnu-toolchain/bin/../lib/gcc/avr/5.4.0/../../../../avr/lib/avrxmega6\libc.a(puts.o)
                0x00004158                puts
 .text.avr-libc
                0x000041b8       0x28 c:/program files (x86)/atmel/studio/7.0/toolchain/avr8/avr8-gnu-toolchain/bin/../lib/gcc/avr/5.4.0/../../../../avr/lib/avrxmega6\libc.a(scanf.o)
                0x000041b8                scanf
 .text.avr-libc
                0x000041e0       0x6e c:/program files (x86)/atmel/studio/7.0/toolchain/avr8/avr8-gnu-toolchain/bin/../lib/gcc/avr/5.4.0/../../../../avr/lib/avrxmega6\libc.a(snprintf.o)
                0x000041e0                snprintf
 .text.avr-libc
                0x0000424e       0x52 c:/program files (x86)/atmel/studio/7.0/toolchain/avr8/avr8-gnu-toolchain/bin/../lib/gcc/avr/5.4.0/../../../../avr/lib/avrxmega6\libc.a(sprintf.o)
                0x0000424e                sprintf
 .text.avr-libc
                0x000042a0       0xbc c:/program files (x86)/atmel/studio/7.0/toolchain/avr8/avr8-gnu-toolchain/bin/../lib/gcc/avr/5.4.0/../../../../avr/lib/avrxmega6\libc.a(ultoa_invert.o)
                0x000042a0                __ultoa_invert
 .text.avr-libc
                0x0000435c      0x5bc c:/program files (x86)/atmel/studio/7.0/toolchain/avr8/avr8-gnu-toolchain/bin/../lib/gcc/avr/5.4.0/../../../../avr/lib/avrxmega6\libc.a(vfscanf_std.o)
                0x000046ce                vfscanf
 .text.avr-libc
                0x00004918       0x12 c:/program files (x86)/atmel/studio/7.0/toolchain/avr8/avr8-gnu-toolchain/bin/../lib/gcc/avr/5.4.0/../../../../avr/lib/avrxmega6\libc.a(isspace.o)
                0x00004918                isspace
 .text.avr-libc
                0x0000492a       0x16 c:/program files (x86)/atmel/studio/7.0/toolchain/avr8/avr8-gnu-toolchain/bin/../lib/gcc/avr/5.4.0/../../../../avr/lib/avrxmega6\libc.a(strchr_P.o)
                0x0000492a                strchr_P
 .text.avr-libc
                0x00004940       0x7c c:/program files (x86)/atmel/studio/7.0/toolchain/avr8/avr8-gnu-toolchain/bin/../lib/gcc/avr/5.4.0/../../../../avr/lib/avrxmega6\libc.a(fgetc.o)
                0x00004940                fgetc
 .text.avr-libc
                0x000049bc       0x32 c:/program files (x86)/atmel/studio/7.0/toolchain/avr8/avr8-gnu-toolchain/bin/../lib/gcc/avr/5.4.0/../../../../avr/lib/avrxmega6\libc.a(ungetc.o)
                0x000049bc                ungetc
 .text.avr-libc
                0x000049ee        0x6 c:/program files (x86)/atmel/studio/7.0/toolchain/avr8/avr8-gnu-toolchain/bin/../lib/gcc/avr/5.4.0/../../../../avr/lib/avrxmega6\libc.a(cty_isfalse.o)
                0x000049ee                __ctype_isfalse
                0x000049f2                __ctype_istrue
                0x000049f4                . = ALIGN (0x2)
 *(.fini9)
 .fini9         0x000049f4        0x0 c:/program files (x86)/atmel/studio/7.0/toolchain/avr8/avr8-gnu-toolchain/bin/../lib/gcc/avr/5.4.0/avrxmega6\libgcc.a(_exit.o)
                0x000049f4                _exit
                0x000049f4                exit
 *(.fini9)
 *(.fini8)
 *(.fini8)
 *(.fini7)
 *(.fini7)
 *(.fini6)
 *(.fini6)
 *(.fini5)
 *(.fini5)
 *(.fini4)
 *(.fini4)
 *(.fini3)
 *(.fini3)
 *(.fini2)
 *(.fini2)
 *(.fini1)
 *(.fini1)
 *(.fini0)
 .fini0         0x000049f4        0x4 c:/program files (x86)/atmel/studio/7.0/toolchain/avr8/avr8-gnu-toolchain/bin/../lib/gcc/avr/5.4.0/avrxmega6\libgcc.a(_exit.o)
 *(.fini0)
                0x000049f8                _etext = .

.data           0x00802000      0x172 load address 0x000049f8
                0x00802000                PROVIDE (__data_start, .)
 *(.data)
 *(.data*)
 .data.UsartStdio
                0x00802000        0xe Drivers/DriverUSART.o
 .data.xFreeBytesRemaining
                0x0080200e        0x2 heap_2.o
 .data.RichtingString
                0x00802010       0x10 Tasks/LooplichtTask.o
                0x00802010                RichtingString
 .data.RichtingInt
                0x00802020        0x2 Tasks/LooplichtTask.o
                0x00802020                RichtingInt
 .data.LedData  0x00802022        0x1 Tasks/LooplichtTask.o
                0x00802022                LedData
 .data.xTimeIncrement
                0x00802023        0x2 Tasks/LooplichtTask.o
                0x00802023                xTimeIncrement
 *(.gnu.linkonce.d*)
 *(.rodata)
 .rodata        0x00802025       0x43 tasks.o
 .rodata        0x00802068       0x5e hooks.o
 .rodata        0x008020c6        0xa Tasks/LooplichtTask.o
 .rodata        0x008020d0       0x4c Tasks/RecursieTask.o
 .rodata        0x0080211c       0x55 Tasks/TerminalTask.o
 *(.rodata*)
 *(.gnu.linkonce.r*)
                0x00802172                . = ALIGN (0x2)
 *fill*         0x00802171        0x1 
                0x00802172                _edata = .
                0x00802172                PROVIDE (__data_end, .)

.bss            0x00802172     0x428e
                0x00802172                PROVIDE (__bss_start, .)
 *(.bss)
 *(.bss*)
 .bss.Twim_address
                0x00802172        0x1 Drivers/DriverTWIMaster.o
 .bss.Twim_writeData
                0x00802173        0x2 Drivers/DriverTWIMaster.o
 .bss.Twim_readData
                0x00802175        0x2 Drivers/DriverTWIMaster.o
 .bss.Twim_bytesToWrite
                0x00802177        0x1 Drivers/DriverTWIMaster.o
 .bss.Twim_bytesToRead
                0x00802178        0x1 Drivers/DriverTWIMaster.o
 .bss.Twim_bytesWritten
                0x00802179        0x1 Drivers/DriverTWIMaster.o
 .bss.Twim_bytesRead
                0x0080217a        0x1 Drivers/DriverTWIMaster.o
 .bss.Twim_status
                0x0080217b        0x1 Drivers/DriverTWIMaster.o
 .bss.Twim_result
                0x0080217c        0x1 Drivers/DriverTWIMaster.o
 .bss.ucHeap    0x0080217d     0x4000 heap_2.o
 .bss.xStart    0x0080617d        0x4 heap_2.o
 .bss.xEnd      0x00806181        0x4 heap_2.o
 .bss.xHeapHasBeenInitialised.4117
                0x00806185        0x1 heap_2.o
 .bss.pxCurrentTCB
                0x00806186        0x2 tasks.o
                0x00806186                pxCurrentTCB
 .bss.pxReadyTasksLists
                0x00806188       0x24 tasks.o
 .bss.xDelayedTaskList1
                0x008061ac        0x9 tasks.o
 .bss.xDelayedTaskList2
                0x008061b5        0x9 tasks.o
 .bss.pxDelayedTaskList
                0x008061be        0x2 tasks.o
 .bss.pxOverflowDelayedTaskList
                0x008061c0        0x2 tasks.o
 .bss.xPendingReadyList
                0x008061c2        0x9 tasks.o
 .bss.xTasksWaitingTermination
                0x008061cb        0x9 tasks.o
 .bss.uxDeletedTasksWaitingCleanUp
                0x008061d4        0x1 tasks.o
 .bss.xSuspendedTaskList
                0x008061d5        0x9 tasks.o
 .bss.uxCurrentNumberOfTasks
                0x008061de        0x1 tasks.o
 .bss.xTickCount
                0x008061df        0x2 tasks.o
 .bss.uxTopReadyPriority
                0x008061e1        0x1 tasks.o
 .bss.xSchedulerRunning
                0x008061e2        0x1 tasks.o
 .bss.uxPendedTicks
                0x008061e3        0x1 tasks.o
 .bss.xYieldPending
                0x008061e4        0x1 tasks.o
 .bss.xNumOfOverflows
                0x008061e5        0x1 tasks.o
 .bss.uxTaskNumber
                0x008061e6        0x1 tasks.o
 .bss.xNextTaskUnblockTime
                0x008061e7        0x2 tasks.o
 .bss.xIdleTaskHandle
                0x008061e9        0x2 tasks.o
 .bss.uxSchedulerSuspended
                0x008061eb        0x1 tasks.o
 .bss.ulTaskSwitchedInTime
                0x008061ec        0x4 tasks.o
 .bss.ulTotalRunTime
                0x008061f0        0x4 tasks.o
 .bss.Buffer    0x008061f4      0x200 Tasks/TerminalTask.o
 *(COMMON)
 COMMON         0x008063f4        0x4 port.o
                0x008063f4                StatsTimer
 COMMON         0x008063f8        0x2 Tasks/LooplichtTask.o
                0x008063f8                pxPreviousWakeTime
 COMMON         0x008063fa        0x6 c:/program files (x86)/atmel/studio/7.0/toolchain/avr8/avr8-gnu-toolchain/bin/../lib/gcc/avr/5.4.0/../../../../avr/lib/avrxmega6\libc.a(iob.o)
                0x008063fa                __iob
                0x00806400                PROVIDE (__bss_end, .)
                0x000049f8                __data_load_start = LOADADDR (.data)
                0x00004b6a                __data_load_end = (__data_load_start + SIZEOF (.data))

.noinit         0x00806400        0x0
                [!provide]                PROVIDE (__noinit_start, .)
 *(.noinit*)
                [!provide]                PROVIDE (__noinit_end, .)
                0x00806400                _end = .
                [!provide]                PROVIDE (__heap_start, .)

.eeprom         0x00810000        0x0
 *(.eeprom*)
                0x00810000                __eeprom_end = .

.fuse
 *(.fuse)
 *(.lfuse)
 *(.hfuse)
 *(.efuse)

.lock
 *(.lock*)

.signature
 *(.signature*)

.user_signatures
 *(.user_signatures*)

.stab
 *(.stab)

.stabstr
 *(.stabstr)

.stab.excl
 *(.stab.excl)

.stab.exclstr
 *(.stab.exclstr)

.stab.index
 *(.stab.index)

.stab.indexstr
 *(.stab.indexstr)

.comment        0x00000000       0x8c
 *(.comment)
 .comment       0x00000000       0x30 Drivers/DriverAdc.o
                                 0x31 (size before relaxing)
 .comment       0x00000030       0x31 Drivers/DriverCursorstick.o
 .comment       0x00000030       0x31 Drivers/DriverDbgUSART.o
 .comment       0x00000030       0x31 Drivers/DriverLed.o
 .comment       0x00000030       0x31 Drivers/DriverSysClk.o
 .comment       0x00000030       0x31 Drivers/DriverTWIMaster.o
 .comment       0x00000030       0x31 Drivers/DriverUSART.o
 .comment       0x00000030       0x31 heap_2.o
 .comment       0x00000030       0x31 list.o
 .comment       0x00000030       0x31 port.o
 .comment       0x00000030       0x31 tasks.o
 .comment       0x00000030       0x31 hooks.o
 .comment       0x00000030       0x31 main.o
 .comment       0x00000030       0x31 Tasks/LooplichtTask.o
 .comment       0x00000030       0x31 Tasks/RecursieTask.o
 .comment       0x00000030       0x31 Tasks/TerminalTask.o
 .comment       0x00000030       0x30 ../Drivers\libDriverPower.a(DriverPower.o)
                                 0x31 (size before relaxing)
 .comment       0x00000060       0x2c c:/program files (x86)/atmel/studio/7.0/toolchain/avr8/avr8-gnu-toolchain/bin/../lib/gcc/avr/5.4.0/../../../../avr/lib/avrxmega6\libprintf_flt.a(vfprintf_flt.o)
                                 0x2d (size before relaxing)
 .comment       0x0000008c       0x31 c:/program files (x86)/atmel/studio/7.0/toolchain/avr8/avr8-gnu-toolchain/bin/../lib/gcc/avr/5.4.0/../../../../avr/lib/avrxmega6\libc.a(fputc.o)
 .comment       0x0000008c       0x31 c:/program files (x86)/atmel/studio/7.0/toolchain/avr8/avr8-gnu-toolchain/bin/../lib/gcc/avr/5.4.0/../../../../avr/lib/avrxmega6\libc.a(iob.o)
 .comment       0x0000008c       0x31 c:/program files (x86)/atmel/studio/7.0/toolchain/avr8/avr8-gnu-toolchain/bin/../lib/gcc/avr/5.4.0/../../../../avr/lib/avrxmega6\libc.a(printf.o)
 .comment       0x0000008c       0x31 c:/program files (x86)/atmel/studio/7.0/toolchain/avr8/avr8-gnu-toolchain/bin/../lib/gcc/avr/5.4.0/../../../../avr/lib/avrxmega6\libc.a(puts.o)
 .comment       0x0000008c       0x31 c:/program files (x86)/atmel/studio/7.0/toolchain/avr8/avr8-gnu-toolchain/bin/../lib/gcc/avr/5.4.0/../../../../avr/lib/avrxmega6\libc.a(scanf.o)
 .comment       0x0000008c       0x31 c:/program files (x86)/atmel/studio/7.0/toolchain/avr8/avr8-gnu-toolchain/bin/../lib/gcc/avr/5.4.0/../../../../avr/lib/avrxmega6\libc.a(snprintf.o)
 .comment       0x0000008c       0x31 c:/program files (x86)/atmel/studio/7.0/toolchain/avr8/avr8-gnu-toolchain/bin/../lib/gcc/avr/5.4.0/../../../../avr/lib/avrxmega6\libc.a(sprintf.o)
 .comment       0x0000008c       0x2d c:/program files (x86)/atmel/studio/7.0/toolchain/avr8/avr8-gnu-toolchain/bin/../lib/gcc/avr/5.4.0/../../../../avr/lib/avrxmega6\libc.a(vfscanf_std.o)
 .comment       0x0000008c       0x31 c:/program files (x86)/atmel/studio/7.0/toolchain/avr8/avr8-gnu-toolchain/bin/../lib/gcc/avr/5.4.0/../../../../avr/lib/avrxmega6\libc.a(fgetc.o)
 .comment       0x0000008c       0x31 c:/program files (x86)/atmel/studio/7.0/toolchain/avr8/avr8-gnu-toolchain/bin/../lib/gcc/avr/5.4.0/../../../../avr/lib/avrxmega6\libc.a(ungetc.o)

.note.gnu.avr.deviceinfo
                0x00000000       0x40
 .note.gnu.avr.deviceinfo
                0x00000000       0x40 C:/Program Files (x86)/Atmel/Studio/7.0/Packs/atmel/XMEGAC_DFP/1.1.50/gcc/dev/atxmega384c3/avrxmega6/crtatxmega384c3.o

.note.gnu.build-id
 *(.note.gnu.build-id)

.debug
 *(.debug)

.line
 *(.line)

.debug_srcinfo
 *(.debug_srcinfo)

.debug_sfnames
 *(.debug_sfnames)

.debug_aranges  0x00000000      0x518
 *(.debug_aranges)
 .debug_aranges
                0x00000000       0x28 Drivers/DriverAdc.o
 .debug_aranges
                0x00000028       0x28 Drivers/DriverCursorstick.o
 .debug_aranges
                0x00000050       0x20 Drivers/DriverDbgUSART.o
 .debug_aranges
                0x00000070       0x40 Drivers/DriverLed.o
 .debug_aranges
                0x000000b0       0x20 Drivers/DriverSysClk.o
 .debug_aranges
                0x000000d0       0x60 Drivers/DriverTWIMaster.o
 .debug_aranges
                0x00000130       0x30 Drivers/DriverUSART.o
 .debug_aranges
                0x00000160       0x40 heap_2.o
 .debug_aranges
                0x000001a0       0x40 list.o
 .debug_aranges
                0x000001e0       0x60 port.o
 .debug_aranges
                0x00000240      0x1e0 tasks.o
 .debug_aranges
                0x00000420       0x38 hooks.o
 .debug_aranges
                0x00000458       0x20 main.o
 .debug_aranges
                0x00000478       0x28 Tasks/LooplichtTask.o
 .debug_aranges
                0x000004a0       0x28 Tasks/RecursieTask.o
 .debug_aranges
                0x000004c8       0x28 Tasks/TerminalTask.o
 .debug_aranges
                0x000004f0       0x28 ../Drivers\libDriverPower.a(DriverPower.o)

.debug_pubnames
 *(.debug_pubnames)

.debug_info     0x00000000     0x77ae
 *(.debug_info .gnu.linkonce.wi.*)
 .debug_info    0x00000000     0x2a76 C:/Program Files (x86)/Atmel/Studio/7.0/Packs/atmel/XMEGAC_DFP/1.1.50/gcc/dev/atxmega384c3/avrxmega6/crtatxmega384c3.o
 .debug_info    0x00002a76       0xcc Drivers/DriverAdc.o
 .debug_info    0x00002b42       0xa4 Drivers/DriverCursorstick.o
 .debug_info    0x00002be6      0x176 Drivers/DriverDbgUSART.o
 .debug_info    0x00002d5c      0x2bb Drivers/DriverLed.o
 .debug_info    0x00003017      0x1a8 Drivers/DriverSysClk.o
 .debug_info    0x000031bf      0x6f7 Drivers/DriverTWIMaster.o
 .debug_info    0x000038b6      0x415 Drivers/DriverUSART.o
 .debug_info    0x00003ccb      0x2de heap_2.o
 .debug_info    0x00003fa9      0x2bb list.o
 .debug_info    0x00004264      0x7ea port.o
 .debug_info    0x00004a4e     0x1e86 tasks.o
 .debug_info    0x000068d4      0x5c4 hooks.o
 .debug_info    0x00006e98      0x270 main.o
 .debug_info    0x00007108      0x151 Tasks/LooplichtTask.o
 .debug_info    0x00007259      0x212 Tasks/RecursieTask.o
 .debug_info    0x0000746b      0x102 Tasks/TerminalTask.o
 .debug_info    0x0000756d      0x241 ../Drivers\libDriverPower.a(DriverPower.o)

.debug_abbrev   0x00000000     0x39b0
 *(.debug_abbrev)
 .debug_abbrev  0x00000000     0x2836 C:/Program Files (x86)/Atmel/Studio/7.0/Packs/atmel/XMEGAC_DFP/1.1.50/gcc/dev/atxmega384c3/avrxmega6/crtatxmega384c3.o
 .debug_abbrev  0x00002836       0x7a Drivers/DriverAdc.o
 .debug_abbrev  0x000028b0       0x6b Drivers/DriverCursorstick.o
 .debug_abbrev  0x0000291b       0xac Drivers/DriverDbgUSART.o
 .debug_abbrev  0x000029c7       0xd3 Drivers/DriverLed.o
 .debug_abbrev  0x00002a9a       0x92 Drivers/DriverSysClk.o
 .debug_abbrev  0x00002b2c      0x192 Drivers/DriverTWIMaster.o
 .debug_abbrev  0x00002cbe      0x147 Drivers/DriverUSART.o
 .debug_abbrev  0x00002e05      0x161 heap_2.o
 .debug_abbrev  0x00002f66       0xc7 list.o
 .debug_abbrev  0x0000302d      0x17a port.o
 .debug_abbrev  0x000031a7      0x2c6 tasks.o
 .debug_abbrev  0x0000346d      0x16c hooks.o
 .debug_abbrev  0x000035d9       0xeb main.o
 .debug_abbrev  0x000036c4       0xa2 Tasks/LooplichtTask.o
 .debug_abbrev  0x00003766       0xdb Tasks/RecursieTask.o
 .debug_abbrev  0x00003841       0xb6 Tasks/TerminalTask.o
 .debug_abbrev  0x000038f7       0xb9 ../Drivers\libDriverPower.a(DriverPower.o)

.debug_line     0x00000000     0x3dd3
 *(.debug_line .debug_line.* .debug_line_end)
 .debug_line    0x00000000      0x39d C:/Program Files (x86)/Atmel/Studio/7.0/Packs/atmel/XMEGAC_DFP/1.1.50/gcc/dev/atxmega384c3/avrxmega6/crtatxmega384c3.o
 .debug_line    0x0000039d       0xc0 Drivers/DriverAdc.o
 .debug_line    0x0000045d       0xc8 Drivers/DriverCursorstick.o
 .debug_line    0x00000525      0x163 Drivers/DriverDbgUSART.o
 .debug_line    0x00000688      0x198 Drivers/DriverLed.o
 .debug_line    0x00000820      0x145 Drivers/DriverSysClk.o
 .debug_line    0x00000965      0x3b7 Drivers/DriverTWIMaster.o
 .debug_line    0x00000d1c      0x1b7 Drivers/DriverUSART.o
 .debug_line    0x00000ed3      0x2ee heap_2.o
 .debug_line    0x000011c1      0x1ec list.o
 .debug_line    0x000013ad      0x454 port.o
 .debug_line    0x00001801     0x1b28 tasks.o
 .debug_line    0x00003329      0x449 hooks.o
 .debug_line    0x00003772      0x21d main.o
 .debug_line    0x0000398f      0x127 Tasks/LooplichtTask.o
 .debug_line    0x00003ab6      0x124 Tasks/RecursieTask.o
 .debug_line    0x00003bda       0xcb Tasks/TerminalTask.o
 .debug_line    0x00003ca5      0x12e ../Drivers\libDriverPower.a(DriverPower.o)

.debug_frame    0x00000000     0x1064
 *(.debug_frame)
 .debug_frame   0x00000000       0x54 Drivers/DriverAdc.o
 .debug_frame   0x00000054       0x54 Drivers/DriverCursorstick.o
 .debug_frame   0x000000a8       0x34 Drivers/DriverDbgUSART.o
 .debug_frame   0x000000dc       0xb4 Drivers/DriverLed.o
 .debug_frame   0x00000190       0x24 Drivers/DriverSysClk.o
 .debug_frame   0x000001b4      0x194 Drivers/DriverTWIMaster.o
 .debug_frame   0x00000348       0x74 Drivers/DriverUSART.o
 .debug_frame   0x000003bc       0xb4 heap_2.o
 .debug_frame   0x00000470       0xb4 list.o
 .debug_frame   0x00000524      0x10c port.o
 .debug_frame   0x00000630      0x804 tasks.o
 .debug_frame   0x00000e34       0x9c hooks.o
 .debug_frame   0x00000ed0       0x34 main.o
 .debug_frame   0x00000f04       0x60 Tasks/LooplichtTask.o
 .debug_frame   0x00000f64       0x60 Tasks/RecursieTask.o
 .debug_frame   0x00000fc4       0x6c Tasks/TerminalTask.o
 .debug_frame   0x00001030       0x34 ../Drivers\libDriverPower.a(DriverPower.o)

.debug_str      0x00000000     0x3ab2
 *(.debug_str)
 .debug_str     0x00000000     0x1be5 C:/Program Files (x86)/Atmel/Studio/7.0/Packs/atmel/XMEGAC_DFP/1.1.50/gcc/dev/atxmega384c3/avrxmega6/crtatxmega384c3.o
 .debug_str     0x00001be5      0x1d0 Drivers/DriverAdc.o
                                0x20c (size before relaxing)
 .debug_str     0x00001db5       0x4a Drivers/DriverCursorstick.o
                                0x20c (size before relaxing)
 .debug_str     0x00001dff       0x96 Drivers/DriverDbgUSART.o
                                0x270 (size before relaxing)
 .debug_str     0x00001e95      0x132 Drivers/DriverLed.o
                                0x300 (size before relaxing)
 .debug_str     0x00001fc7       0xa7 Drivers/DriverSysClk.o
                                0x288 (size before relaxing)
 .debug_str     0x0000206e      0x38f Drivers/DriverTWIMaster.o
                                0x68a (size before relaxing)
 .debug_str     0x000023fd       0x80 Drivers/DriverUSART.o
                                0x372 (size before relaxing)
 .debug_str     0x0000247d      0x181 heap_2.o
                                0x35c (size before relaxing)
 .debug_str     0x000025fe      0x13c list.o
                                0x315 (size before relaxing)
 .debug_str     0x0000273a      0x3a3 port.o
                                0x5c7 (size before relaxing)
 .debug_str     0x00002add      0xcb7 tasks.o
                               0x12bd (size before relaxing)
 .debug_str     0x00003794       0x7d hooks.o
                                0x387 (size before relaxing)
 .debug_str     0x00003811       0xa9 main.o
                                0x303 (size before relaxing)
 .debug_str     0x000038ba       0x56 Tasks/LooplichtTask.o
                                0x27d (size before relaxing)
 .debug_str     0x00003910       0x48 Tasks/RecursieTask.o
                                0x360 (size before relaxing)
 .debug_str     0x00003958       0x38 Tasks/TerminalTask.o
                                0x232 (size before relaxing)
 .debug_str     0x00003990      0x122 ../Drivers\libDriverPower.a(DriverPower.o)
                                0x276 (size before relaxing)

.debug_loc      0x00000000     0x2048
 *(.debug_loc)
 .debug_loc     0x00000000       0x83 Drivers/DriverAdc.o
 .debug_loc     0x00000083       0x76 Drivers/DriverCursorstick.o
 .debug_loc     0x000000f9       0x47 Drivers/DriverDbgUSART.o
 .debug_loc     0x00000140      0x15b Drivers/DriverLed.o
 .debug_loc     0x0000029b      0x355 Drivers/DriverTWIMaster.o
 .debug_loc     0x000005f0       0xcb Drivers/DriverUSART.o
 .debug_loc     0x000006bb      0x14c heap_2.o
 .debug_loc     0x00000807      0x167 list.o
 .debug_loc     0x0000096e      0x188 port.o
 .debug_loc     0x00000af6     0x11a8 tasks.o
 .debug_loc     0x00001c9e      0x112 hooks.o
 .debug_loc     0x00001db0       0x47 main.o
 .debug_loc     0x00001df7       0xaa Tasks/LooplichtTask.o
 .debug_loc     0x00001ea1       0xa9 Tasks/RecursieTask.o
 .debug_loc     0x00001f4a       0xc4 Tasks/TerminalTask.o
 .debug_loc     0x0000200e       0x3a ../Drivers\libDriverPower.a(DriverPower.o)

.debug_macinfo
 *(.debug_macinfo)

.debug_weaknames
 *(.debug_weaknames)

.debug_funcnames
 *(.debug_funcnames)

.debug_typenames
 *(.debug_typenames)

.debug_varnames
 *(.debug_varnames)

.debug_pubtypes
 *(.debug_pubtypes)

.debug_ranges   0x00000000      0x408
 *(.debug_ranges)
 .debug_ranges  0x00000000       0x18 Drivers/DriverAdc.o
 .debug_ranges  0x00000018       0x18 Drivers/DriverCursorstick.o
 .debug_ranges  0x00000030       0x10 Drivers/DriverDbgUSART.o
 .debug_ranges  0x00000040       0x30 Drivers/DriverLed.o
 .debug_ranges  0x00000070       0x10 Drivers/DriverSysClk.o
 .debug_ranges  0x00000080       0x50 Drivers/DriverTWIMaster.o
 .debug_ranges  0x000000d0       0x20 Drivers/DriverUSART.o
 .debug_ranges  0x000000f0       0x30 heap_2.o
 .debug_ranges  0x00000120       0x30 list.o
 .debug_ranges  0x00000150       0x50 port.o
 .debug_ranges  0x000001a0      0x1d0 tasks.o
 .debug_ranges  0x00000370       0x28 hooks.o
 .debug_ranges  0x00000398       0x10 main.o
 .debug_ranges  0x000003a8       0x18 Tasks/LooplichtTask.o
 .debug_ranges  0x000003c0       0x18 Tasks/RecursieTask.o
 .debug_ranges  0x000003d8       0x18 Tasks/TerminalTask.o
 .debug_ranges  0x000003f0       0x18 ../Drivers\libDriverPower.a(DriverPower.o)

.debug_macro
 *(.debug_macro)
OUTPUT(LinebotTemplate1.elf elf32-avr)
LOAD linker stubs
